114.119.140.0 menulo.de - [03/Nov/2020:00:06:00 +0000] "GET /produkt-kategorie/el-cuervo-44-salate HTTP/1.1" 404 5967 "-" "Mozilla/5.0 (Linux; Android 7.0;) AppleWebKit/537.36 (KHTML, like Gecko) Mobile Safari/537.36 (compatible; PetalBot;+https://aspiegel.com/petalbot)" 775 9357
114.119.138.0 menulo.de - [03/Nov/2020:00:10:48 +0000] "GET /login HTTP/1.1" 200 1792 "-" "Mozilla/5.0 (Linux; Android 7.0;) AppleWebKit/537.36 (KHTML, like Gecko) Mobile Safari/537.36 (compatible; PetalBot;+https://aspiegel.com/petalbot)" 743 5485
114.119.140.0 menulo.de - [03/Nov/2020:00:17:41 +0000] "GET /produkt/292-20-stueck HTTP/1.1" 404 5919 "-" "Mozilla/5.0 (Linux; Android 7.0;) AppleWebKit/537.36 (KHTML, like Gecko) Mobile Safari/537.36 (compatible; PetalBot;+https://aspiegel.com/petalbot)" 759 9309
114.119.144.0 menulo.de - [03/Nov/2020:00:19:17 +0000] "GET /product/belvedere-wodka HTTP/1.1" 404 5925 "-" "Mozilla/5.0 (Linux; Android 7.0;) AppleWebKit/537.36 (KHTML, like Gecko) Mobile Safari/537.36 (compatible; PetalBot;+https://aspiegel.com/petalbot)" 761 9315
52.148.134.0 menulo.de - [03/Nov/2020:00:33:41 +0000] "GET /wp-content/plugins/ioptimization/IOptimize.php?rchk HTTP/1.1" 404 5999 "www.google.com" "Mozlila/5.0 (Linux; Android 7.0; SM-G892A Bulid/NRD90M; wv) AppleWebKit/537.36 (KHTML, like Gecko) Version/4.0 Chrome/60.0.3112.107 Moblie Safari/537.36" 932 9617
52.148.134.0 menulo.de - [03/Nov/2020:00:35:00 +0000] "GET /wp/wp-content/plugins/ioptimization/IOptimize.php?rchk HTTP/1.1" 404 6008 "www.google.com" "Mozlila/5.0 (Linux; Android 7.0; SM-G892A Bulid/NRD90M; wv) AppleWebKit/537.36 (KHTML, like Gecko) Version/4.0 Chrome/60.0.3112.107 Moblie Safari/537.36" 935 9626
52.148.134.0 menulo.de - [03/Nov/2020:00:36:09 +0000] "GET /wordpress/wp-content/plugins/ioptimization/IOptimize.php?rchk HTTP/1.1" 404 6029 "www.google.com" "Mozlila/5.0 (Linux; Android 7.0; SM-G892A Bulid/NRD90M; wv) AppleWebKit/537.36 (KHTML, like Gecko) Version/4.0 Chrome/60.0.3112.107 Moblie Safari/537.36" 942 9647
52.148.134.0 menulo.de - [03/Nov/2020:00:38:10 +0000] "GET /old/wp-content/plugins/ioptimization/IOptimize.php?rchk HTTP/1.1" 404 6011 "www.google.com" "Mozlila/5.0 (Linux; Android 7.0; SM-G892A Bulid/NRD90M; wv) AppleWebKit/537.36 (KHTML, like Gecko) Version/4.0 Chrome/60.0.3112.107 Moblie Safari/537.36" 936 9629
52.148.134.0 menulo.de - [03/Nov/2020:00:38:49 +0000] "GET /new/wp-content/plugins/ioptimization/IOptimize.php?rchk HTTP/1.1" 404 6011 "www.google.com" "Mozlila/5.0 (Linux; Android 7.0; SM-G892A Bulid/NRD90M; wv) AppleWebKit/537.36 (KHTML, like Gecko) Version/4.0 Chrome/60.0.3112.107 Moblie Safari/537.36" 936 9629
52.148.134.0 menulo.de - [03/Nov/2020:00:38:54 +0000] "GET /blog/wp-content/plugins/ioptimization/IOptimize.php?rchk HTTP/1.1" 404 6014 "www.google.com" "Mozlila/5.0 (Linux; Android 7.0; SM-G892A Bulid/NRD90M; wv) AppleWebKit/537.36 (KHTML, like Gecko) Version/4.0 Chrome/60.0.3112.107 Moblie Safari/537.36" 937 9632
114.119.151.0 menulo.de - [03/Nov/2020:00:39:01 +0000] "GET /produkt-kategorie/el-cuervo-53-tostada HTTP/1.1" 404 5970 "-" "Mozilla/5.0 (Linux; Android 7.0;) AppleWebKit/537.36 (KHTML, like Gecko) Mobile Safari/537.36 (compatible; PetalBot;+https://aspiegel.com/petalbot)" 776 9360
52.148.134.0 menulo.de - [03/Nov/2020:00:39:05 +0000] "GET /test/wp-content/plugins/ioptimization/IOptimize.php?rchk HTTP/1.1" 404 6014 "www.google.com" "Mozlila/5.0 (Linux; Android 7.0; SM-G892A Bulid/NRD90M; wv) AppleWebKit/537.36 (KHTML, like Gecko) Version/4.0 Chrome/60.0.3112.107 Moblie Safari/537.36" 937 9632
52.148.134.0 menulo.de - [03/Nov/2020:00:39:23 +0000] "GET /demo/wp-content/plugins/ioptimization/IOptimize.php?rchk HTTP/1.1" 404 6014 "www.google.com" "Mozlila/5.0 (Linux; Android 7.0; SM-G892A Bulid/NRD90M; wv) AppleWebKit/537.36 (KHTML, like Gecko) Version/4.0 Chrome/60.0.3112.107 Moblie Safari/537.36" 937 9632
52.148.134.0 menulo.de - [03/Nov/2020:00:39:30 +0000] "GET /admin/wp-content/plugins/ioptimization/IOptimize.php?rchk HTTP/1.1" 404 6017 "www.google.com" "Mozlila/5.0 (Linux; Android 7.0; SM-G892A Bulid/NRD90M; wv) AppleWebKit/537.36 (KHTML, like Gecko) Version/4.0 Chrome/60.0.3112.107 Moblie Safari/537.36" 938 9635
52.148.134.0 menulo.de - [03/Nov/2020:00:39:46 +0000] "GET /2020/wp-content/plugins/ioptimization/IOptimize.php?rchk HTTP/1.1" 404 6014 "www.google.com" "Mozlila/5.0 (Linux; Android 7.0; SM-G892A Bulid/NRD90M; wv) AppleWebKit/537.36 (KHTML, like Gecko) Version/4.0 Chrome/60.0.3112.107 Moblie Safari/537.36" 937 9632
52.148.134.0 menulo.de - [03/Nov/2020:00:39:59 +0000] "GET /2019/wp-content/plugins/ioptimization/IOptimize.php?rchk HTTP/1.1" 404 6014 "www.google.com" "Mozlila/5.0 (Linux; Android 7.0; SM-G892A Bulid/NRD90M; wv) AppleWebKit/537.36 (KHTML, like Gecko) Version/4.0 Chrome/60.0.3112.107 Moblie Safari/537.36" 937 9632
5.188.84.0 menulo.de - [03/Nov/2020:00:40:14 +0000] "GET /recipes/banana-puddings-with-solt-pie-vanilla/ HTTP/1.0" 404 5994 "https://menulo.de/recipes/banana-puddings-with-solt-pie-vanilla/" "Mozilla/5.0 (Windows NT 6.1) AppleWebKit/537.36 (KHTML, like Gecko) Chrome/67.0.3396.99 Safari/537.36" 854 9575
5.188.84.0 menulo.de - [03/Nov/2020:00:40:14 +0000] "GET / HTTP/1.0" 200 78652 "https://menulo.de/" "Mozilla/5.0 (Windows NT 6.1) AppleWebKit/537.36 (KHTML, like Gecko) Chrome/67.0.3396.99 Safari/537.36" 762 82519
5.188.84.0 menulo.de - [03/Nov/2020:00:40:20 +0000] "GET /kontakt HTTP/1.0" 200 65821 "https://menulo.de/kontakt" "Mozilla/5.0 (Windows NT 6.1) AppleWebKit/537.36 (KHTML, like Gecko) Chrome/67.0.3396.99 Safari/537.36" 776 69659
114.119.158.0 menulo.de - [03/Nov/2020:00:45:22 +0000] "GET /produkt/17-pizza-salami HTTP/1.1" 404 5925 "-" "Mozilla/5.0 (Linux; Android 7.0;) AppleWebKit/537.36 (KHTML, like Gecko) Mobile Safari/537.36 (compatible; PetalBot;+https://aspiegel.com/petalbot)" 761 9315
114.119.138.0 menulo.de - [03/Nov/2020:00:50:10 +0000] "GET /produkt/250-mozzarella-sticks HTTP/1.1" 404 5943 "-" "Mozilla/5.0 (Linux; Android 7.0;) AppleWebKit/537.36 (KHTML, like Gecko) Mobile Safari/537.36 (compatible; PetalBot;+https://aspiegel.com/petalbot)" 767 9333
114.119.144.0 menulo.de - [03/Nov/2020:01:04:00 +0000] "GET /product/love-66 HTTP/1.1" 404 5901 "-" "Mozilla/5.0 (Linux; Android 7.0;) AppleWebKit/537.36 (KHTML, like Gecko) Mobile Safari/537.36 (compatible; PetalBot;+https://aspiegel.com/petalbot)" 753 9291
66.249.70.0 menulo.de - [03/Nov/2020:01:06:17 +0000] "GET /produkt/sprite-3/feed/ HTTP/1.1" 404 5922 "-" "Mozilla/5.0 (Linux; Android 6.0.1; Nexus 5X Build/MMB29P) AppleWebKit/537.36 (KHTML, like Gecko) Chrome/86.0.4240.96 Mobile Safari/537.36 (compatible; Googlebot/2.1; +http://www.google.com/bot.html)" 1124 10491
114.119.136.0 menulo.de - [03/Nov/2020:01:07:13 +0000] "GET /produkt/jack-daniels-jennessee-honey HTTP/1.1" 404 5964 "-" "Mozilla/5.0 (Linux; Android 7.0;) AppleWebKit/537.36 (KHTML, like Gecko) Mobile Safari/537.36 (compatible; PetalBot;+https://aspiegel.com/petalbot)" 774 9354
114.119.140.0 menulo.de - [03/Nov/2020:01:21:36 +0000] "GET /shop/page/50 HTTP/1.1" 404 5892 "-" "Mozilla/5.0 (Linux; Android 7.0;) AppleWebKit/537.36 (KHTML, like Gecko) Mobile Safari/537.36 (compatible; PetalBot;+https://aspiegel.com/petalbot)" 750 9282
114.119.132.0 menulo.de - [03/Nov/2020:01:28:31 +0000] "GET /menucard/mezzo HTTP/1.1" 404 5898 "-" "Mozilla/5.0 (Linux; Android 7.0;) AppleWebKit/537.36 (KHTML, like Gecko) Mobile Safari/537.36 (compatible; PetalBot;+http://aspiegel.com/petalbot)" 751 9288
95.181.86.0 menulo.de - [03/Nov/2020:01:36:21 +0000] "GET /1-qr-code/ HTTP/1.0" 301 236 "http://menulo.de/1-qr-code/" "Mozilla/5.0 (Windows NT 6.3; Win64; x64) AppleWebKit/537.36 (KHTML, like Gecko) Chrome/68.0.3440.84 Safari/537.36" 313 448
95.181.86.0 menulo.de - [03/Nov/2020:01:36:21 +0000] "GET /1-qr-code/ HTTP/1.0" 200 66791 "https://menulo.de/1-qr-code/" "Mozilla/5.0 (Windows NT 6.3; Win64; x64) AppleWebKit/537.36 (KHTML, like Gecko) Chrome/68.0.3440.84 Safari/537.36" 794 70803
66.249.70.0 menulo.de - [03/Nov/2020:01:44:40 +0000] "GET /produkt/sprite-3/ HTTP/1.1" 404 5907 "-" "Mozilla/5.0 (Linux; Android 6.0.1; Nexus 5X Build/MMB29P) AppleWebKit/537.36 (KHTML, like Gecko) Chrome/86.0.4240.96 Mobile Safari/537.36 (compatible; Googlebot/2.1; +http://www.google.com/bot.html)" 1119 10476
66.249.70.0 www.menulo.de - [03/Nov/2020:01:45:09 +0000] "GET /robots.txt HTTP/1.1" 301 236 "-" "Mozilla/5.0 (compatible; Googlebot/2.1; +http://www.google.com/bot.html)" 227 485
66.249.70.0 menulo.de - [03/Nov/2020:01:45:10 +0000] "GET /robots.txt HTTP/1.1" 301 - "-" "Mozilla/5.0 (compatible; Googlebot/2.1; +http://www.google.com/bot.html)" 842 4568
66.249.70.0 menulo.de - [03/Nov/2020:01:45:10 +0000] "GET /robots.txt/ HTTP/1.1" 200 15337 "-" "Mozilla/5.0 (compatible; Googlebot/2.1; +http://www.google.com/bot.html)" 843 20218
66.249.70.0 www.menulo.de - [03/Nov/2020:01:45:11 +0000] "GET / HTTP/1.1" 301 226 "-" "Mozilla/5.0 (compatible; Googlebot/2.1; +http://www.google.com/bot.html)" 323 465
66.249.70.0 menulo.de - [03/Nov/2020:01:45:11 +0000] "GET / HTTP/1.1" 200 16823 "-" "Mozilla/5.0 (compatible; Googlebot/2.1; +http://www.google.com/bot.html)" 342 17315
193.106.30.0 menulo.de - [03/Nov/2020:02:11:20 +0000] "POST /ytt.php HTTP/1.1" 500 67061 "-" "Mozilla/5.0 (Windows NT 10.0; Win64; x64; rv:67.0) Gecko/20100101 Firefox/67.0" 891 71701
114.119.135.0 menulo.de - [03/Nov/2020:02:15:57 +0000] "GET /produkt/upgrade-avocadowuerfel HTTP/1.1" 404 5946 "-" "Mozilla/5.0 (Linux; Android 7.0;) AppleWebKit/537.36 (KHTML, like Gecko) Mobile Safari/537.36 (compatible; PetalBot;+https://aspiegel.com/petalbot)" 768 9336
66.249.70.0 menulo.de - [03/Nov/2020:02:24:57 +0000] "GET /robots.txt HTTP/1.1" 301 - "-" "Mozilla/5.0 (compatible; Googlebot/2.1; +http://www.google.com/bot.html)" 842 4568
66.249.70.0 menulo.de - [03/Nov/2020:02:24:58 +0000] "GET /robots.txt/ HTTP/1.1" 200 15339 "-" "Mozilla/5.0 (compatible; Googlebot/2.1; +http://www.google.com/bot.html)" 843 20220
66.249.70.0 menulo.de - [03/Nov/2020:02:24:58 +0000] "GET / HTTP/1.1" 200 16858 "-" "Mozilla/5.0 (Linux; Android 6.0.1; Nexus 5X Build/MMB29P) AppleWebKit/537.36 (KHTML, like Gecko) Chrome/86.0.4240.96 Mobile Safari/537.36 (compatible; Googlebot/2.1; +http://www.google.com/bot.html)" 506 17424
66.249.70.0 menulo.de - [03/Nov/2020:02:25:32 +0000] "HEAD /static/main/images/support@2x.png HTTP/1.1" 200 - "https://menulo.de/" "Mozilla/5.0 (Linux; Android 6.0.1; Nexus 5X Build/MMB29P) AppleWebKit/537.36 (KHTML, like Gecko) Chrome/85.0.4183.140 Mobile Safari/537.36 (compatible; Googlebot/2.1; +http://www.google.com/bot.html)" 1147 4695
66.249.70.0 menulo.de - [03/Nov/2020:02:26:23 +0000] "GET /agb HTTP/1.1" 200 16635 "-" "Mozilla/5.0 (Linux; Android 6.0.1; Nexus 5X Build/MMB29P) AppleWebKit/537.36 (KHTML, like Gecko) Chrome/86.0.4240.96 Mobile Safari/537.36 (compatible; Googlebot/2.1; +http://www.google.com/bot.html)" 1155 21444
91.185.67.0 menulo.de - [03/Nov/2020:02:34:24 +0000] "GET /wp-content/plugins/simple-file-list/readme.txt HTTP/1.1" 404 5994 "-" "Mozilla/5.0 (Windows NT 10.0; WOW64) AppleWebKit/537.36 (KHTML, like Gecko) Chrome/74.0.3729.169 Safari/537.36" 576 9595
185.51.246.0 menulo.de - [03/Nov/2020:02:38:33 +0000] "GET /1-qr-code/ HTTP/1.0" 301 236 "http://menulo.de/1-qr-code/" "Mozilla/5.0 (Windows NT 10.0) AppleWebKit/537.36 (KHTML, like Gecko) Chrome/67.0.3396.99 Safari/537.36" 302 448
185.51.246.0 menulo.de - [03/Nov/2020:02:38:33 +0000] "GET /1-qr-code/ HTTP/1.0" 200 66791 "https://menulo.de/1-qr-code/" "Mozilla/5.0 (Windows NT 10.0) AppleWebKit/537.36 (KHTML, like Gecko) Chrome/67.0.3396.99 Safari/537.36" 783 70803
185.51.246.0 menulo.de - [03/Nov/2020:02:38:33 +0000] "POST /1-qr-code/ HTTP/1.0" 200 66791 "https://menulo.de/1-qr-code/" "Mozilla/5.0 (Windows NT 10.0) AppleWebKit/537.36 (KHTML, like Gecko) Chrome/67.0.3396.99 Safari/537.36" 1198 70803
132.148.80.0 menulo.de - [03/Nov/2020:02:43:29 +0000] "GET /mm.php HTTP/1.1" 301 232 "menulo.de" "Mozilla/5.2 (Windows NT 6.1; WOW64) AppleWebKit/5371q23.13 (KHTML, like Gecko) Safari/537.13" 246 440
132.148.80.0 menulo.de - [03/Nov/2020:02:43:30 +0000] "GET /mm.php HTTP/1.1" 301 - "menulo.de" "Mozilla/5.2 (Windows NT 6.1; WOW64) AppleWebKit/5371q23.13 (KHTML, like Gecko) Safari/537.13" 648 1760
132.148.80.0 menulo.de - [03/Nov/2020:02:43:30 +0000] "GET /mm.php/ HTTP/1.1" 200 66791 "menulo.de" "Mozilla/5.2 (Windows NT 6.1; WOW64) AppleWebKit/5371q23.13 (KHTML, like Gecko) Safari/537.13" 649 68994
114.119.158.0 menulo.de - [03/Nov/2020:02:45:15 +0000] "GET /produkt/corona-2 HTTP/1.1" 404 5904 "-" "Mozilla/5.0 (Linux; Android 7.0;) AppleWebKit/537.36 (KHTML, like Gecko) Mobile Safari/537.36 (compatible; PetalBot;+https://aspiegel.com/petalbot)" 754 9294
114.119.145.0 menulo.de - [03/Nov/2020:02:51:58 +0000] "GET /menucard/061-orangina HTTP/1.1" 404 5919 "-" "Mozilla/5.0 (Linux; Android 7.0;) AppleWebKit/537.36 (KHTML, like Gecko) Mobile Safari/537.36 (compatible; PetalBot;+https://aspiegel.com/petalbot)" 759 9309
157.55.39.0 menulo.de - [03/Nov/2020:02:55:15 +0000] "GET /robots.txt HTTP/1.1" 301 - "-" "Mozilla/5.0 (compatible; bingbot/2.0; +http://www.bing.com/bingbot.htm)" 534 1772
157.55.39.0 menulo.de - [03/Nov/2020:02:55:16 +0000] "GET /robots.txt/ HTTP/1.1" 200 15339 "-" "Mozilla/5.0 (compatible; bingbot/2.0; +http://www.bing.com/bingbot.htm)" 273 16011
114.119.144.0 menulo.de - [03/Nov/2020:02:59:40 +0000] "GET /produkt/13-lahmacun-doenerfleisch HTTP/1.1" 404 5955 "-" "Mozilla/5.0 (Linux; Android 7.0;) AppleWebKit/537.36 (KHTML, like Gecko) Mobile Safari/537.36 (compatible; PetalBot;+https://aspiegel.com/petalbot)" 771 9345
114.119.140.0 menulo.de - [03/Nov/2020:03:02:53 +0000] "GET /produkt-kategorie/el-cuervo-04-biere-vom-fass HTTP/1.1" 404 5991 "-" "Mozilla/5.0 (Linux; Android 7.0;) AppleWebKit/537.36 (KHTML, like Gecko) Mobile Safari/537.36 (compatible; PetalBot;+https://aspiegel.com/petalbot)" 783 9381
114.119.135.0 menulo.de - [03/Nov/2020:03:19:57 +0000] "GET /produkt/scavi-ray-al-cioccolata HTTP/1.1" 404 5949 "-" "Mozilla/5.0 (Linux; Android 7.0;) AppleWebKit/537.36 (KHTML, like Gecko) Mobile Safari/537.36 (compatible; PetalBot;+https://aspiegel.com/petalbot)" 769 9339
114.119.158.0 menulo.de - [03/Nov/2020:03:21:33 +0000] "GET /menucard/cola-2 HTTP/1.1" 404 5901 "-" "Mozilla/5.0 (Linux; Android 7.0;) AppleWebKit/537.36 (KHTML, like Gecko) Mobile Safari/537.36 (compatible; PetalBot;+https://aspiegel.com/petalbot)" 753 9291
178.121.236.0 menulo.de - [03/Nov/2020:03:23:37 +0000] "GET /recipes/banana-puddings-with-solt-pie-vanilla/ HTTP/1.0" 301 272 "http://menulo.de/recipes/banana-puddings-with-solt-pie-vanilla/" "Mozilla/5.0 (Windows NT 6.1; Win64; x64) AppleWebKit/537.36 (KHTML, like Gecko) Chrome/68.0.3440.106 Safari/537.36 OPR/55.0.2994.44" 403 520
178.121.236.0 menulo.de - [03/Nov/2020:03:23:37 +0000] "GET /recipes/banana-puddings-with-solt-pie-vanilla/ HTTP/1.0" 404 5994 "https://menulo.de/recipes/banana-puddings-with-solt-pie-vanilla/" "Mozilla/5.0 (Windows NT 6.1; Win64; x64) AppleWebKit/537.36 (KHTML, like Gecko) Chrome/68.0.3440.106 Safari/537.36 OPR/55.0.2994.44" 884 9575
178.121.236.0 menulo.de - [03/Nov/2020:03:23:37 +0000] "GET / HTTP/1.0" 200 78652 "https://menulo.de/" "Mozilla/5.0 (Windows NT 6.1; Win64; x64) AppleWebKit/537.36 (KHTML, like Gecko) Chrome/68.0.3440.106 Safari/537.36 OPR/55.0.2994.44" 792 82519
95.217.225.0 menulo.de - [03/Nov/2020:03:28:04 +0000] "GET /timeless-shisha-bar/ HTTP/1.1" 200 66791 "-" "Mozilla/5.0 (compatible; Seekport Crawler; http://seekport.com/" 845 71156
193.106.30.0 menulo.de - [03/Nov/2020:03:28:54 +0000] "POST /temp.php HTTP/1.1" 500 67085 "-" "Mozilla/5.0 (Windows NT 10.0; Win64; x64; rv:67.0) Gecko/20100101 Firefox/67.0" 892 71725
114.119.145.0 menulo.de - [03/Nov/2020:03:31:41 +0000] "GET /produkt/salami HTTP/1.1" 404 5898 "-" "Mozilla/5.0 (Linux; Android 7.0;) AppleWebKit/537.36 (KHTML, like Gecko) Mobile Safari/537.36 (compatible; PetalBot;+https://aspiegel.com/petalbot)" 752 9288
114.119.140.0 menulo.de - [03/Nov/2020:03:33:17 +0000] "GET /shop/page/9?shop-display=list HTTP/1.1" 404 5907 "-" "Mozilla/5.0 (Linux; Android 7.0;) AppleWebKit/537.36 (KHTML, like Gecko) Mobile Safari/537.36 (compatible; PetalBot;+https://aspiegel.com/petalbot)" 767 9297
114.119.138.0 menulo.de - [03/Nov/2020:03:48:46 +0000] "GET /produkt/277-10-stueck HTTP/1.1" 404 5919 "-" "Mozilla/5.0 (Linux; Android 7.0;) AppleWebKit/537.36 (KHTML, like Gecko) Mobile Safari/537.36 (compatible; PetalBot;+https://aspiegel.com/petalbot)" 759 9309
121.205.220.0 menulo.de - [03/Nov/2020:03:50:59 +0000] "GET /3-zusammenstellen/ HTTP/1.1" 200 15341 "-" "Mozilla/5.0 (Windows NT 6.1; Trident/7.0; rv:11.0) like Gecko" 622 19318
121.205.220.0 menulo.de - [03/Nov/2020:03:50:59 +0000] "POST /3-zusammenstellen/ HTTP/1.1" 200 15338 "https://menulo.de/3-zusammenstellen/" "Mozilla/5.0 (Windows NT 6.1; Trident/7.0; rv:11.0) like Gecko" 1643 16153
121.205.220.0 menulo.de - [03/Nov/2020:03:51:00 +0000] "GET /3-zusammenstellen/ HTTP/1.1" 200 15338 "-" "Mozilla/5.0 (Windows NT 6.1; Trident/7.0; rv:11.0) like Gecko" 547 16346
54.36.148.0 menulo.de - [03/Nov/2020:03:51:50 +0000] "GET /robots.txt HTTP/2.0" 301 - "-" "Mozilla/5.0 (compatible; AhrefsBot/6.1; +http://ahrefs.com/robot/)" 101 142
54.36.148.0 menulo.de - [03/Nov/2020:03:51:50 +0000] "GET /robots.txt/ HTTP/2.0" 200 15340 "-" "Mozilla/5.0 (compatible; AhrefsBot/6.1; +http://ahrefs.com/robot/)" 102 15724
54.36.149.0 menulo.de - [03/Nov/2020:03:51:51 +0000] "GET /produkt-kategorie/ottamann-mi-08-longdrinks/page/2/?shop-display=list&add_to_wishlist=1534&add-to-cart=1517 HTTP/2.0" 404 6073 "-" "Mozilla/5.0 (compatible; AhrefsBot/7.0; +http://ahrefs.com/robot/)" 170 6245
2604:a880:0:1010:: menulo.de - [03/Nov/2020:03:52:16 +0000] "GET /n1.php HTTP/1.1" 301 232 "menulo.de" "Mozilla/5.2 (Windows NT 6.1; WOW64) AppleWebKit/5371q23.13 (KHTML, like Gecko) Safari/537.13" 246 440
2604:a880:0:1010:: menulo.de - [03/Nov/2020:03:52:16 +0000] "GET /n1.php HTTP/1.1" 301 - "menulo.de" "Mozilla/5.2 (Windows NT 6.1; WOW64) AppleWebKit/5371q23.13 (KHTML, like Gecko) Safari/537.13" 690 1760
2604:a880:0:1010:: menulo.de - [03/Nov/2020:03:52:17 +0000] "GET /n1.php/ HTTP/1.1" 200 66791 "menulo.de" "Mozilla/5.2 (Windows NT 6.1; WOW64) AppleWebKit/5371q23.13 (KHTML, like Gecko) Safari/537.13" 691 68994
2604:a880:0:1010:: menulo.de - [03/Nov/2020:03:53:26 +0000] "GET /about.php HTTP/1.1" 301 235 "menulo.de" "Mozilla/5.2 (Windows NT 6.1; WOW64) AppleWebKit/5371q23.13 (KHTML, like Gecko) Safari/537.13" 249 446
2604:a880:0:1010:: menulo.de - [03/Nov/2020:03:53:27 +0000] "GET /about.php HTTP/1.1" 301 - "menulo.de" "Mozilla/5.2 (Windows NT 6.1; WOW64) AppleWebKit/5371q23.13 (KHTML, like Gecko) Safari/537.13" 693 1763
2604:a880:0:1010:: menulo.de - [03/Nov/2020:03:53:27 +0000] "GET /about.php/ HTTP/1.1" 200 66791 "menulo.de" "Mozilla/5.2 (Windows NT 6.1; WOW64) AppleWebKit/5371q23.13 (KHTML, like Gecko) Safari/537.13" 694 68994
114.119.132.0 menulo.de - [03/Nov/2020:03:58:56 +0000] "GET /produkt/910-pasta-pomodore HTTP/1.1" 404 5934 "-" "Mozilla/5.0 (Linux; Android 7.0;) AppleWebKit/537.36 (KHTML, like Gecko) Mobile Safari/537.36 (compatible; PetalBot;+https://aspiegel.com/petalbot)" 764 9324
45.64.134.0 menulo.de - [03/Nov/2020:03:59:41 +0000] "GET /recipes/banana-puddings-with-solt-pie-vanilla/ HTTP/1.0" 301 272 "http://menulo.de/recipes/banana-puddings-with-solt-pie-vanilla/" "Mozilla/5.0 (Windows NT 10.0; Win64; x64) AppleWebKit/537.36 (KHTML, like Gecko) Chrome/68.0.3440.106 Safari/537.36" 431 557
91.205.168.0 menulo.de - [03/Nov/2020:03:59:41 +0000] "GET /recipes/banana-puddings-with-solt-pie-vanilla/ HTTP/1.0" 404 5994 "https://menulo.de/recipes/banana-puddings-with-solt-pie-vanilla/" "Mozilla/5.0 (Windows NT 10.0; Win64; x64) AppleWebKit/537.36 (KHTML, like Gecko) Chrome/68.0.3440.106 Safari/537.36" 868 9575
91.205.168.0 menulo.de - [03/Nov/2020:03:59:42 +0000] "GET / HTTP/1.0" 200 78652 "https://menulo.de/" "Mozilla/5.0 (Windows NT 10.0; Win64; x64) AppleWebKit/537.36 (KHTML, like Gecko) Chrome/68.0.3440.106 Safari/537.36" 776 82519
91.205.168.0 menulo.de - [03/Nov/2020:03:59:42 +0000] "GET /kontakt HTTP/1.0" 200 65821 "https://menulo.de/kontakt" "Mozilla/5.0 (Windows NT 10.0; Win64; x64) AppleWebKit/537.36 (KHTML, like Gecko) Chrome/68.0.3440.106 Safari/537.36" 790 69659
193.106.30.0 menulo.de - [03/Nov/2020:04:09:36 +0000] "POST /indes.php HTTP/1.1" 500 67109 "-" "Mozilla/5.0 (Windows NT 10.0; Win64; x64; rv:66.0) Gecko/20100101 Firefox/66.0" 893 71749
54.39.216.0 menulo.de - [03/Nov/2020:04:21:15 +0000] "POST //wp-content/plugins/formcraft/file-upload/server/php/ HTTP/1.1" 301 278 "-" "Mozilla/5.0 (X11; Ubuntu; Linux i686; rv:28.0) Gecko/20100101 Firefox/28.0" 870 569
54.39.216.0 menulo.de - [03/Nov/2020:04:21:17 +0000] "GET /wp-content/plugins/formcraft/file-upload/server/php/ HTTP/1.1" 404 6012 "-" "Mozilla/5.0 (X11; Ubuntu; Linux i686; rv:28.0) Gecko/20100101 Firefox/28.0" 650 9630
54.39.216.0 menulo.de - [03/Nov/2020:04:21:23 +0000] "GET //wp-content/plugins/formcraft/file-upload/server/php/files/199877.php HTTP/1.1" 301 294 "-" "Mozilla/5.0 (X11; Ubuntu; Linux i686; rv:28.0) Gecko/20100101 Firefox/28.0" 261 601
54.39.216.0 menulo.de - [03/Nov/2020:04:21:27 +0000] "GET /wp-content/plugins/formcraft/file-upload/server/php/files/199877.php HTTP/1.1" 404 6060 "-" "Mozilla/5.0 (X11; Ubuntu; Linux i686; rv:28.0) Gecko/20100101 Firefox/28.0" 666 9678
114.119.136.0 menulo.de - [03/Nov/2020:04:23:26 +0000] "GET /shop/page/33 HTTP/1.1" 404 5892 "-" "Mozilla/5.0 (Linux; Android 7.0;) AppleWebKit/537.36 (KHTML, like Gecko) Mobile Safari/537.36 (compatible; PetalBot;+https://aspiegel.com/petalbot)" 750 9282
185.191.171.0 menulo.de - [03/Nov/2020:04:23:54 +0000] "GET /robots.txt HTTP/1.1" 301 - "-" "Mozilla/5.0 (compatible; SemrushBot/6~bl; +http://www.semrush.com/bot.html)" 600 3996
185.191.171.0 menulo.de - [03/Nov/2020:04:23:54 +0000] "GET /robots.txt/ HTTP/1.1" 200 15341 "-" "Mozilla/5.0 (compatible; SemrushBot/6~bl; +http://www.semrush.com/bot.html)" 601 19650
185.191.171.0 menulo.de - [03/Nov/2020:04:23:55 +0000] "GET /2-speisekarte/ HTTP/1.1" 200 15340 "-" "Mozilla/5.0 (compatible; SemrushBot/6~bl; +http://www.semrush.com/bot.html)" 700 19649
114.119.140.0 menulo.de - [03/Nov/2020:04:25:02 +0000] "GET /produkt/6x-baguette-scheiben HTTP/1.1" 404 5940 "-" "Mozilla/5.0 (Linux; Android 7.0;) AppleWebKit/537.36 (KHTML, like Gecko) Mobile Safari/537.36 (compatible; PetalBot;+https://aspiegel.com/petalbot)" 766 9330
193.106.30.0 menulo.de - [03/Nov/2020:04:36:15 +0000] "POST /wp-cache.php HTTP/1.1" 500 67181 "-" "Mozilla/5.0 (Windows NT 10.0; Win64; x64; rv:67.0) Gecko/20100101 Firefox/67.0" 896 71821
114.119.144.0 menulo.de - [03/Nov/2020:04:37:51 +0000] "GET /produkt/162-vodka-orange HTTP/1.1" 404 5928 "-" "Mozilla/5.0 (Linux; Android 7.0;) AppleWebKit/537.36 (KHTML, like Gecko) Mobile Safari/537.36 (compatible; PetalBot;+https://aspiegel.com/petalbot)" 762 9318
114.119.135.0 menulo.de - [03/Nov/2020:04:42:44 +0000] "GET /shop/page/75/ HTTP/1.1" 404 5895 "-" "Mozilla/5.0 (Linux; Android 7.0;) AppleWebKit/537.36 (KHTML, like Gecko) Mobile Safari/537.36 (compatible; PetalBot;+https://aspiegel.com/petalbot)" 751 9285
88.99.89.0 menulo.de - [03/Nov/2020:04:42:52 +0000] "GET /wp-content/themes/jki/wp_asx.php.suspected HTTP/1.1" 301 268 "http://site.ru" "Mozilla/5.0 (Windows; U; Windows NT 5.1; en-US) AppleWebKit/533.4 (KHTML, like Gecko) Chrome/5.0.375.99 Safari/533.4" 245 493
88.99.89.0 menulo.de - [03/Nov/2020:04:42:52 +0000] "GET /wp-content/themes/jki/wp_asx.php.suspected HTTP/2.0" 404 5982 "http://site.ru" "Mozilla/5.0 (Windows; U; Windows NT 5.1; en-US) AppleWebKit/533.4 (KHTML, like Gecko) Chrome/5.0.375.99 Safari/533.4" 162 6163
88.99.89.0 menulo.de - [03/Nov/2020:04:42:57 +0000] "GET /wp-content/themes/jki/wp_asx.php.suspected HTTP/1.1" 301 268 "http://site.ru" "Mozilla/5.0 (Windows; U; Windows NT 5.1; en-US) AppleWebKit/533.4 (KHTML, like Gecko) Chrome/5.0.375.99 Safari/533.4" 245 493
88.99.89.0 menulo.de - [03/Nov/2020:04:42:57 +0000] "GET /wp-content/themes/jki/wp_asx.php.suspected HTTP/2.0" 404 5982 "http://site.ru" "Mozilla/5.0 (Windows; U; Windows NT 5.1; en-US) AppleWebKit/533.4 (KHTML, like Gecko) Chrome/5.0.375.99 Safari/533.4" 162 6163
114.119.145.0 menulo.de - [03/Nov/2020:04:44:15 +0000] "GET /produkt/espresso-3 HTTP/1.1" 404 5910 "-" "Mozilla/5.0 (Linux; Android 7.0;) AppleWebKit/537.36 (KHTML, like Gecko) Mobile Safari/537.36 (compatible; PetalBot;+https://aspiegel.com/petalbot)" 756 9300
114.119.140.0 menulo.de - [03/Nov/2020:04:45:52 +0000] "GET /produkt-kategorie/el-cuervo-03-homemade-lemonade/ HTTP/1.1" 404 6003 "-" "Mozilla/5.0 (Linux; Android 7.0;) AppleWebKit/537.36 (KHTML, like Gecko) Mobile Safari/537.36 (compatible; PetalBot;+https://aspiegel.com/petalbot)" 787 9393
66.249.70.0 menulo.de - [03/Nov/2020:05:05:28 +0000] "GET /padisah-shisha-lounge/ HTTP/1.1" 200 15342 "-" "Mozilla/5.0 (compatible; Googlebot/2.1; +http://www.google.com/bot.html)" 1010 20223
114.119.158.0 menulo.de - [03/Nov/2020:05:13:05 +0000] "GET /produkt/524-chicken-beef-fajita HTTP/1.1" 404 5949 "-" "Mozilla/5.0 (Linux; Android 7.0;) AppleWebKit/537.36 (KHTML, like Gecko) Mobile Safari/537.36 (compatible; PetalBot;+https://aspiegel.com/petalbot)" 769 9339
5.188.84.0 menulo.de - [03/Nov/2020:05:16:03 +0000] "GET /recipes/banana-puddings-with-solt-pie-vanilla/ HTTP/1.0" 404 5994 "https://menulo.de/recipes/banana-puddings-with-solt-pie-vanilla/" "Mozilla/5.0 (Windows NT 6.3; Win64; x64) AppleWebKit/537.36 (KHTML, like Gecko) Chrome/68.0.3440.106 Safari/537.36" 867 9575
5.188.84.0 menulo.de - [03/Nov/2020:05:16:03 +0000] "GET / HTTP/1.0" 200 78652 "https://menulo.de/" "Mozilla/5.0 (Windows NT 6.3; Win64; x64) AppleWebKit/537.36 (KHTML, like Gecko) Chrome/68.0.3440.106 Safari/537.36" 775 82519
5.188.84.0 menulo.de - [03/Nov/2020:05:16:03 +0000] "GET /kontakt HTTP/1.0" 200 65821 "https://menulo.de/kontakt" "Mozilla/5.0 (Windows NT 6.3; Win64; x64) AppleWebKit/537.36 (KHTML, like Gecko) Chrome/68.0.3440.106 Safari/537.36" 789 69659
114.119.140.0 menulo.de - [03/Nov/2020:05:21:36 +0000] "GET /produkt/blowjob HTTP/1.1" 404 5901 "-" "Mozilla/5.0 (Linux; Android 7.0;) AppleWebKit/537.36 (KHTML, like Gecko) Mobile Safari/537.36 (compatible; PetalBot;+https://aspiegel.com/petalbot)" 753 9291
114.119.145.0 menulo.de - [03/Nov/2020:05:23:14 +0000] "GET /produkt/radler-3 HTTP/1.1" 404 5904 "-" "Mozilla/5.0 (Linux; Android 7.0;) AppleWebKit/537.36 (KHTML, like Gecko) Mobile Safari/537.36 (compatible; PetalBot;+https://aspiegel.com/petalbot)" 754 9294
193.106.30.0 menulo.de - [03/Nov/2020:05:45:46 +0000] "POST /wp-cahce.php HTTP/1.1" 500 67181 "-" "Mozilla/5.0 (Windows NT 10.0; Win64; x64; rv:67.0) Gecko/20100101 Firefox/67.0" 896 71822
193.106.30.0 menulo.de - [03/Nov/2020:05:45:46 +0000] "POST /wp-cahce.php HTTP/1.1" 500 67181 "-" "Mozilla/5.0 (Windows NT 10.0; Win64; x64; rv:66.0) Gecko/20100101 Firefox/66.0" 896 71821
5.189.239.0 menulo.de - [03/Nov/2020:05:55:06 +0000] "GET /recipes/banana-puddings-with-solt-pie-vanilla/ HTTP/1.0" 301 272 "http://menulo.de/recipes/banana-puddings-with-solt-pie-vanilla/" "Mozilla/5.0 (Windows NT 6.3; Win64; x64) AppleWebKit/537.36 (KHTML, like Gecko) Chrome/65.0.3325.146 Safari/537.36" 386 520
5.189.239.0 menulo.de - [03/Nov/2020:05:55:06 +0000] "GET /recipes/banana-puddings-with-solt-pie-vanilla/ HTTP/1.0" 404 5994 "https://menulo.de/recipes/banana-puddings-with-solt-pie-vanilla/" "Mozilla/5.0 (Windows NT 6.3; Win64; x64) AppleWebKit/537.36 (KHTML, like Gecko) Chrome/65.0.3325.146 Safari/537.36" 867 9575
5.189.239.0 menulo.de - [03/Nov/2020:05:55:06 +0000] "GET / HTTP/1.0" 200 78652 "https://menulo.de/" "Mozilla/5.0 (Windows NT 6.3; Win64; x64) AppleWebKit/537.36 (KHTML, like Gecko) Chrome/65.0.3325.146 Safari/537.36" 775 82548
5.189.239.0 menulo.de - [03/Nov/2020:05:55:07 +0000] "GET /kontakt HTTP/1.0" 200 65821 "https://menulo.de/kontakt" "Mozilla/5.0 (Windows NT 6.3; Win64; x64) AppleWebKit/537.36 (KHTML, like Gecko) Chrome/65.0.3325.146 Safari/537.36" 789 69659
54.39.216.0 menulo.de - [03/Nov/2020:05:57:30 +0000] "GET ///wp-admin/admin-ajax.php?action=x&do_reset_wordpress=avtive HTTP/1.1" 301 288 "-" "python-requests/2.24.0" 200 585
54.39.216.0 menulo.de - [03/Nov/2020:05:57:31 +0000] "GET /wp-admin/admin-ajax.php?action=x&do_reset_wordpress=avtive HTTP/1.1" 404 5964 "-" "python-requests/2.24.0" 604 9582
114.119.135.0 menulo.de - [03/Nov/2020:05:59:03 +0000] "GET /produkt/fruchtnektar HTTP/1.1" 404 5916 "-" "Mozilla/5.0 (Linux; Android 7.0;) AppleWebKit/537.36 (KHTML, like Gecko) Mobile Safari/537.36 (compatible; PetalBot;+https://aspiegel.com/petalbot)" 758 9306
114.119.151.0 menulo.de - [03/Nov/2020:06:10:16 +0000] "GET /product/schmucker-pils HTTP/1.1" 404 5922 "-" "Mozilla/5.0 (Linux; Android 7.0;) AppleWebKit/537.36 (KHTML, like Gecko) Mobile Safari/537.36 (compatible; PetalBot;+https://aspiegel.com/petalbot)" 760 9312
114.119.140.0 menulo.de - [03/Nov/2020:06:13:59 +0000] "GET /menucard/black-28 HTTP/1.1" 404 5907 "-" "Mozilla/5.0 (Linux; Android 7.0;) AppleWebKit/537.36 (KHTML, like Gecko) Mobile Safari/537.36 (compatible; PetalBot;+https://aspiegel.com/petalbot)" 755 9297
23.228.109.0 menulo.de - [03/Nov/2020:06:14:45 +0000] "GET /wp-content/themes/cameleonthemeforest/includes/fileuploader/upload_handler.php HTTP/1.1" 301 304 "http://www.google.com/" "Mozilla/5.0 (Windows NT 6.1; Win64; x64) AppleWebKit/537.36 (KHTML, like Gecko) Chrome/56.0.2896.3 Safari/537.36" 398 584
23.228.109.0 menulo.de - [03/Nov/2020:06:14:46 +0000] "GET /wp-content/themes/cameleonthemeforest/includes/fileuploader/upload_handler.php HTTP/1.1" 404 6090 "http://www.google.com/" "Mozilla/5.0 (Windows NT 6.1; Win64; x64) AppleWebKit/537.36 (KHTML, like Gecko) Chrome/56.0.2896.3 Safari/537.36" 703 9642
114.119.138.0 menulo.de - [03/Nov/2020:06:19:53 +0000] "GET /menucard/108-multivitaminnektar HTTP/1.1" 404 5949 "-" "Mozilla/5.0 (Linux; Android 7.0;) AppleWebKit/537.36 (KHTML, like Gecko) Mobile Safari/537.36 (compatible; PetalBot;+https://aspiegel.com/petalbot)" 769 9339
52.177.121.0 menulo.de - [03/Nov/2020:06:21:39 +0000] "POST /wp-content/plugins/simple-file-list/ee-upload-engine.php HTTP/1.1" 301 282 "-" "Mozilla/5.0 (Macintosh; Intel Mac OS X 10_15_4) AppleWebKit/537.36 (KHTML, like Gecko) Chrome/81.0.4044.129 Safari/537.36" 1387 577
52.177.121.0 menulo.de - [03/Nov/2020:06:21:42 +0000] "GET /wp-content/plugins/simple-file-list/ee-upload-engine.php HTTP/1.1" 404 6024 "-" "Mozilla/5.0 (Macintosh; Intel Mac OS X 10_15_4) AppleWebKit/537.36 (KHTML, like Gecko) Chrome/81.0.4044.129 Safari/537.36" 701 9642
52.177.121.0 menulo.de - [03/Nov/2020:06:21:45 +0000] "GET /wp-content/uploads/simple-file-list/vbtlndhazs.png HTTP/1.1" 301 276 "-" "python-requests/2.24.0" 190 565
52.177.121.0 menulo.de - [03/Nov/2020:06:21:46 +0000] "GET /wp-content/uploads/simple-file-list/vbtlndhazs.png HTTP/1.1" 404 6006 "-" "python-requests/2.24.0" 596 9624
114.119.132.0 menulo.de - [03/Nov/2020:06:28:27 +0000] "GET /shop/page/70/?shop-display=list HTTP/1.1" 404 5913 "-" "Mozilla/5.0 (Linux; Android 7.0;) AppleWebKit/537.36 (KHTML, like Gecko) Mobile Safari/537.36 (compatible; PetalBot;+https://aspiegel.com/petalbot)" 769 9303
193.106.30.0 menulo.de - [03/Nov/2020:06:48:36 +0000] "POST /wp-icoud.php HTTP/1.1" 500 67288 "-" "Mozilla/5.0 (Windows NT 10.0; Win64; x64) AppleWebKit/537.36 (KHTML, like Gecko) Chrome/74.0.3729.169 Safari/537.36" 933 71928
114.119.138.0 menulo.de - [03/Nov/2020:06:56:44 +0000] "GET /produkt/kaffee-2 HTTP/1.1" 404 5904 "-" "Mozilla/5.0 (Linux; Android 7.0;) AppleWebKit/537.36 (KHTML, like Gecko) Mobile Safari/537.36 (compatible; PetalBot;+https://aspiegel.com/petalbot)" 754 9294
114.119.144.0 menulo.de - [03/Nov/2020:06:58:22 +0000] "GET /produkt-kategorie/best-doener-pizzeria-02-pizza HTTP/1.1" 404 5997 "-" "Mozilla/5.0 (Linux; Android 7.0;) AppleWebKit/537.36 (KHTML, like Gecko) Mobile Safari/537.36 (compatible; PetalBot;+https://aspiegel.com/petalbot)" 785 9387
114.119.140.0 menulo.de - [03/Nov/2020:07:05:18 +0000] "GET /menucard/23-lahmacun-2 HTTP/1.1" 404 5922 "-" "Mozilla/5.0 (Linux; Android 7.0;) AppleWebKit/537.36 (KHTML, like Gecko) Mobile Safari/537.36 (compatible; PetalBot;+https://aspiegel.com/petalbot)" 760 9312
178.70.91.0 menulo.de - [03/Nov/2020:07:16:05 +0000] "GET /recipes/banana-puddings-with-solt-pie-vanilla/ HTTP/1.0" 301 272 "http://menulo.de/recipes/banana-puddings-with-solt-pie-vanilla/" "Mozilla/5.0 (Windows NT 6.1) AppleWebKit/537.36 (KHTML, like Gecko) Chrome/66.0.3359.181 Safari/537.36 Kinza/4.7.2" 386 520
178.70.91.0 menulo.de - [03/Nov/2020:07:16:06 +0000] "GET /recipes/banana-puddings-with-solt-pie-vanilla/ HTTP/1.0" 404 5994 "https://menulo.de/recipes/banana-puddings-with-solt-pie-vanilla/" "Mozilla/5.0 (Windows NT 6.1) AppleWebKit/537.36 (KHTML, like Gecko) Chrome/66.0.3359.181 Safari/537.36 Kinza/4.7.2" 867 9575
178.70.91.0 menulo.de - [03/Nov/2020:07:16:06 +0000] "GET / HTTP/1.0" 200 78652 "https://menulo.de/" "Mozilla/5.0 (Windows NT 6.1) AppleWebKit/537.36 (KHTML, like Gecko) Chrome/66.0.3359.181 Safari/537.36 Kinza/4.7.2" 775 82519
178.70.91.0 menulo.de - [03/Nov/2020:07:16:06 +0000] "GET /kontakt HTTP/1.0" 200 65821 "https://menulo.de/kontakt" "Mozilla/5.0 (Windows NT 6.1) AppleWebKit/537.36 (KHTML, like Gecko) Chrome/66.0.3359.181 Safari/537.36 Kinza/4.7.2" 789 69659
66.249.70.0 menulo.de - [03/Nov/2020:07:18:46 +0000] "GET /wp-content/plugins/forget-about-shortcode-buttons/public/css/button-styles.css?ver=2.1.2 HTTP/1.1" 404 6100 "https://menulo.de/menucard/test/" "Mozilla/5.0 (Linux; Android 6.0.1; Nexus 5X Build/MMB29P) AppleWebKit/537.36 (KHTML, like Gecko) Chrome/85.0.4183.140 Mobile Safari/537.36 (compatible; Googlebot/2.1; +http://www.google.com/bot.html)" 1230 10669
66.249.70.0 menulo.de - [03/Nov/2020:07:18:46 +0000] "GET /wp-content/plugins/revslider/public/assets/js/jquery.themepunch.revolution.min.js?ver=5.3.0.2 HTTP/1.1" 404 6111 "https://menulo.de/menucard/test/" "Mozilla/5.0 (Linux; Android 6.0.1; Nexus 5X Build/MMB29P) AppleWebKit/537.36 (KHTML, like Gecko) Chrome/85.0.4183.140 Mobile Safari/537.36 (compatible; Googlebot/2.1; +http://www.google.com/bot.html)" 1220 10680
66.249.70.0 menulo.de - [03/Nov/2020:07:18:46 +0000] "GET /wp-content/plugins/wp-sort-order/js/front-scripts.js?t=2020101235&ver=5.4.2 HTTP/1.1" 404 6039 "https://menulo.de/menucard/test/" "Mozilla/5.0 (Linux; Android 6.0.1; Nexus 5X Build/MMB29P) AppleWebKit/537.36 (KHTML, like Gecko) Chrome/85.0.4183.140 Mobile Safari/537.36 (compatible; Googlebot/2.1; +http://www.google.com/bot.html)" 606 6364
66.249.70.0 menulo.de - [03/Nov/2020:07:18:47 +0000] "GET /wp-content/plugins/yith-woocommerce-wishlist/assets/css/jquery.selectBox.css?ver=1.2.0 HTTP/1.1" 404 6094 "https://menulo.de/menucard/test/" "Mozilla/5.0 (Linux; Android 6.0.1; Nexus 5X Build/MMB29P) AppleWebKit/537.36 (KHTML, like Gecko) Chrome/85.0.4183.140 Mobile Safari/537.36 (compatible; Googlebot/2.1; +http://www.google.com/bot.html)" 632 6419
66.249.70.0 menulo.de - [03/Nov/2020:07:18:47 +0000] "GET /wp-content/plugins/woocommerce/assets/css/select2.css?ver=3.2.4 HTTP/1.1" 404 6025 "https://menulo.de/menucard/test/" "Mozilla/5.0 (Linux; Android 6.0.1; Nexus 5X Build/MMB29P) AppleWebKit/537.36 (KHTML, like Gecko) Chrome/85.0.4183.140 Mobile Safari/537.36 (compatible; Googlebot/2.1; +http://www.google.com/bot.html)" 609 6350
66.249.70.0 menulo.de - [03/Nov/2020:07:18:48 +0000] "GET /wp-content/plugins/yith-woocommerce-wishlist/assets/css/font-awesome.min.css?ver=4.7.0 HTTP/1.1" 404 6094 "https://menulo.de/menucard/test/" "Mozilla/5.0 (Linux; Android 6.0.1; Nexus 5X Build/MMB29P) AppleWebKit/537.36 (KHTML, like Gecko) Chrome/85.0.4183.140 Mobile Safari/537.36 (compatible; Googlebot/2.1; +http://www.google.com/bot.html)" 1228 10663
66.249.70.0 menulo.de - [03/Nov/2020:07:18:48 +0000] "GET /wp-content/plugins/revslider/public/assets/js/jquery.themepunch.tools.min.js?ver=5.3.0.2 HTTP/1.1" 404 6096 "https://menulo.de/menucard/test/" "Mozilla/5.0 (Linux; Android 6.0.1; Nexus 5X Build/MMB29P) AppleWebKit/537.36 (KHTML, like Gecko) Chrome/85.0.4183.140 Mobile Safari/537.36 (compatible; Googlebot/2.1; +http://www.google.com/bot.html)" 619 6421
66.249.70.0 menulo.de - [03/Nov/2020:07:18:49 +0000] "GET /wp-content/plugins/revslider/public/assets/js/jquery.themepunch.revolution.min.js?ver=5.3.0.2 HTTP/1.1" 404 6111 "https://menulo.de/menucard/test/" "Mozilla/5.0 (Linux; Android 6.0.1; Nexus 5X Build/MMB29P) AppleWebKit/537.36 (KHTML, like Gecko) Chrome/85.0.4183.140 Mobile Safari/537.36 (compatible; Googlebot/2.1; +http://www.google.com/bot.html)" 624 6436
66.249.70.0 menulo.de - [03/Nov/2020:07:18:49 +0000] "GET /wp-content/plugins/cookie-law-info/public/css/cookie-law-info-table.css?ver=1.8.9 HTTP/1.1" 404 6079 "https://menulo.de/menucard/test/" "Mozilla/5.0 (Linux; Android 6.0.1; Nexus 5X Build/MMB29P) AppleWebKit/537.36 (KHTML, like Gecko) Chrome/85.0.4183.140 Mobile Safari/537.36 (compatible; Googlebot/2.1; +http://www.google.com/bot.html)" 627 6404
66.249.70.0 menulo.de - [03/Nov/2020:07:18:50 +0000] "GET /wp-admin/js/password-strength-meter.min.js?ver=5.4.2 HTTP/1.1" 404 5992 "https://menulo.de/menucard/test/" "Mozilla/5.0 (Linux; Android 6.0.1; Nexus 5X Build/MMB29P) AppleWebKit/537.36 (KHTML, like Gecko) Chrome/85.0.4183.140 Mobile Safari/537.36 (compatible; Googlebot/2.1; +http://www.google.com/bot.html)" 583 6317
66.249.70.0 menulo.de - [03/Nov/2020:07:18:53 +0000] "POST /?wc-ajax=get_refreshed_fragments HTTP/1.1" 403 2864 "https://menulo.de/menucard/test/" "Mozilla/5.0 (Linux; Android 6.0.1; Nexus 5X Build/MMB29P) AppleWebKit/537.36 (KHTML, like Gecko) Chrome/85.0.4183.140 Mobile Safari/537.36 (compatible; Googlebot/2.1; +http://www.google.com/bot.html)" 746 3189
66.249.70.0 menulo.de - [03/Nov/2020:07:18:53 +0000] "GET /wp-includes/js/zxcvbn.min.js HTTP/1.1" 404 5940 "https://menulo.de/menucard/test/" "Mozilla/5.0 (Linux; Android 6.0.1; Nexus 5X Build/MMB29P) AppleWebKit/537.36 (KHTML, like Gecko) Chrome/85.0.4183.140 Mobile Safari/537.36 (compatible; Googlebot/2.1; +http://www.google.com/bot.html)" 661 6265
49.12.96.0 menulo.de - [03/Nov/2020:07:24:51 +0000] "GET / HTTP/2.0" 200 16823 "-" "Mozilla/5.0 (Windows NT 10.0; Win64; x64) AppleWebKit/537.36 (KHTML, like Gecko) Chrome/80.0.3987.132 Safari/537.36" 369 17100
49.12.96.0 menulo.de - [03/Nov/2020:07:24:52 +0000] "GET /static/main/js/jquery/jquery.js HTTP/2.0" 200 96784 "https://menulo.de/" "Mozilla/5.0 (Windows NT 10.0; Win64; x64) AppleWebKit/537.36 (KHTML, like Gecko) Chrome/80.0.3987.132 Safari/537.36" 97 97641
49.12.96.0 menulo.de - [03/Nov/2020:07:24:52 +0000] "GET /static/main/js/jquery/jquery-migrate.min.js HTTP/2.0" 200 10056 "https://menulo.de/" "Mozilla/5.0 (Windows NT 10.0; Win64; x64) AppleWebKit/537.36 (KHTML, like Gecko) Chrome/80.0.3987.132 Safari/537.36" 68 10201
49.12.96.0 menulo.de - [03/Nov/2020:07:24:52 +0000] "GET /static/main/cookies/public/js/cookie-law-info-public.js HTTP/2.0" 200 32934 "https://menulo.de/" "Mozilla/5.0 (Windows NT 10.0; Win64; x64) AppleWebKit/537.36 (KHTML, like Gecko) Chrome/80.0.3987.132 Safari/537.36" 76 33232
49.12.96.0 menulo.de - [03/Nov/2020:07:24:52 +0000] "GET /static/main/js/front-scripts.js HTTP/2.0" 200 22 "https://menulo.de/" "Mozilla/5.0 (Windows NT 10.0; Win64; x64) AppleWebKit/537.36 (KHTML, like Gecko) Chrome/80.0.3987.132 Safari/537.36" 59 101
49.12.96.0 menulo.de - [03/Nov/2020:07:24:52 +0000] "GET /static/main/slider/js/jquery.themepunch.tools.min.js HTTP/2.0" 200 106844 "https://menulo.de/" "Mozilla/5.0 (Windows NT 10.0; Win64; x64) AppleWebKit/537.36 (KHTML, like Gecko) Chrome/80.0.3987.132 Safari/537.36" 74 107657
49.12.96.0 menulo.de - [03/Nov/2020:07:24:52 +0000] "GET /static/main/slider/js/jquery.themepunch.revolution.min.js HTTP/2.0" 200 59546 "https://menulo.de/" "Mozilla/5.0 (Windows NT 10.0; Win64; x64) AppleWebKit/537.36 (KHTML, like Gecko) Chrome/80.0.3987.132 Safari/537.36" 78 60033
49.12.96.0 menulo.de - [03/Nov/2020:07:24:52 +0000] "GET /static/main/js/jquery.selectbox.min.js HTTP/2.0" 200 15736 "https://menulo.de/" "Mozilla/5.0 (Windows NT 10.0; Win64; x64) AppleWebKit/537.36 (KHTML, like Gecko) Chrome/80.0.3987.132 Safari/537.36" 64 15927
49.12.96.0 menulo.de - [03/Nov/2020:07:24:52 +0000] "GET /static/main/js/jquery.yith-wcwl.js HTTP/2.0" 200 22479 "https://menulo.de/" "Mozilla/5.0 (Windows NT 10.0; Win64; x64) AppleWebKit/537.36 (KHTML, like Gecko) Chrome/80.0.3987.132 Safari/537.36" 62 22714
49.12.96.0 menulo.de - [03/Nov/2020:07:24:52 +0000] "GET /static/main/form/includes/js/scripts.js HTTP/2.0" 200 14105 "https://menulo.de/" "Mozilla/5.0 (Windows NT 10.0; Win64; x64) AppleWebKit/537.36 (KHTML, like Gecko) Chrome/80.0.3987.132 Safari/537.36" 64 14278
49.12.96.0 menulo.de - [03/Nov/2020:07:24:53 +0000] "GET /static/main/js/detectmobilebrowser.js HTTP/2.0" 200 2211 "https://menulo.de/" "Mozilla/5.0 (Windows NT 10.0; Win64; x64) AppleWebKit/537.36 (KHTML, like Gecko) Chrome/80.0.3987.132 Safari/537.36" 63 2324
49.12.96.0 menulo.de - [03/Nov/2020:07:24:53 +0000] "GET /static/main/js/password-strength-meter.min.js HTTP/2.0" 200 766 "https://menulo.de/" "Mozilla/5.0 (Windows NT 10.0; Win64; x64) AppleWebKit/537.36 (KHTML, like Gecko) Chrome/80.0.3987.132 Safari/537.36" 69 847
49.12.96.0 menulo.de - [03/Nov/2020:07:24:53 +0000] "GET /static/main/js/bootstrap.min.js HTTP/2.0" 200 36868 "https://menulo.de/" "Mozilla/5.0 (Windows NT 10.0; Win64; x64) AppleWebKit/537.36 (KHTML, like Gecko) Chrome/80.0.3987.132 Safari/537.36" 59 37193
49.12.96.0 menulo.de - [03/Nov/2020:07:24:53 +0000] "GET /static/main/js/retina.min.js HTTP/2.0" 200 5682 "https://menulo.de/" "Mozilla/5.0 (Windows NT 10.0; Win64; x64) AppleWebKit/537.36 (KHTML, like Gecko) Chrome/80.0.3987.132 Safari/537.36" 57 5682
49.12.96.0 menulo.de - [03/Nov/2020:07:24:53 +0000] "GET /static/main/js/jquery.easing.min.js HTTP/2.0" 200 5555 "https://menulo.de/" "Mozilla/5.0 (Windows NT 10.0; Win64; x64) AppleWebKit/537.36 (KHTML, like Gecko) Chrome/80.0.3987.132 Safari/537.36" 62 5672
49.12.96.0 menulo.de - [03/Nov/2020:07:24:53 +0000] "GET /static/main/js/jquery.scrollup.min.js HTTP/2.0" 200 2035 "https://menulo.de/" "Mozilla/5.0 (Windows NT 10.0; Win64; x64) AppleWebKit/537.36 (KHTML, like Gecko) Chrome/80.0.3987.132 Safari/537.36" 64 2125
49.12.96.0 menulo.de - [03/Nov/2020:07:24:53 +0000] "GET /static/main/js/jquery-ui.min.js HTTP/2.0" 200 240427 "https://menulo.de/" "Mozilla/5.0 (Windows NT 10.0; Win64; x64) AppleWebKit/537.36 (KHTML, like Gecko) Chrome/80.0.3987.132 Safari/537.36" 59 242176
49.12.96.0 menulo.de - [03/Nov/2020:07:24:54 +0000] "GET /static/main/js/bootstrap-select.min.js HTTP/2.0" 200 33933 "https://menulo.de/" "Mozilla/5.0 (Windows NT 10.0; Win64; x64) AppleWebKit/537.36 (KHTML, like Gecko) Chrome/80.0.3987.132 Safari/537.36" 63 34286
49.12.96.0 menulo.de - [03/Nov/2020:07:24:54 +0000] "GET /static/main/js/jquery.steps.min.js HTTP/2.0" 200 13857 "https://menulo.de/" "Mozilla/5.0 (Windows NT 10.0; Win64; x64) AppleWebKit/537.36 (KHTML, like Gecko) Chrome/80.0.3987.132 Safari/537.36" 61 14006
49.12.96.0 menulo.de - [03/Nov/2020:07:24:54 +0000] "GET /static/main/js/picker.js HTTP/2.0" 200 8174 "https://menulo.de/" "Mozilla/5.0 (Windows NT 10.0; Win64; x64) AppleWebKit/537.36 (KHTML, like Gecko) Chrome/80.0.3987.132 Safari/537.36" 54 8309
49.12.96.0 menulo.de - [03/Nov/2020:07:24:54 +0000] "GET /static/main/js/legacy.js HTTP/2.0" 200 1893 "https://menulo.de/" "Mozilla/5.0 (Windows NT 10.0; Win64; x64) AppleWebKit/537.36 (KHTML, like Gecko) Chrome/80.0.3987.132 Safari/537.36" 54 1983
49.12.96.0 menulo.de - [03/Nov/2020:07:24:54 +0000] "GET /static/main/js/owl.carousel.min.js HTTP/2.0" 200 40401 "https://menulo.de/" "Mozilla/5.0 (Windows NT 10.0; Win64; x64) AppleWebKit/537.36 (KHTML, like Gecko) Chrome/80.0.3987.132 Safari/537.36" 61 40730
49.12.96.0 menulo.de - [03/Nov/2020:07:24:54 +0000] "GET /static/main/js/picker.date.js HTTP/2.0" 200 12787 "https://menulo.de/" "Mozilla/5.0 (Windows NT 10.0; Win64; x64) AppleWebKit/537.36 (KHTML, like Gecko) Chrome/80.0.3987.132 Safari/537.36" 57 12927
49.12.96.0 menulo.de - [03/Nov/2020:07:24:54 +0000] "GET /static/main/js/jquery.magnific-popup.min.js HTTP/2.0" 200 20216 "https://menulo.de/" "Mozilla/5.0 (Windows NT 10.0; Win64; x64) AppleWebKit/537.36 (KHTML, like Gecko) Chrome/80.0.3987.132 Safari/537.36" 68 20410
49.12.96.0 menulo.de - [03/Nov/2020:07:24:54 +0000] "GET /static/main/js/picker.time.js HTTP/2.0" 200 9059 "https://menulo.de/" "Mozilla/5.0 (Windows NT 10.0; Win64; x64) AppleWebKit/537.36 (KHTML, like Gecko) Chrome/80.0.3987.132 Safari/537.36" 57 9180
49.12.96.0 menulo.de - [03/Nov/2020:07:24:54 +0000] "GET /static/main/js/jquery.waypoints.min.js HTTP/2.0" 200 8833 "https://menulo.de/" "Mozilla/5.0 (Windows NT 10.0; Win64; x64) AppleWebKit/537.36 (KHTML, like Gecko) Chrome/80.0.3987.132 Safari/537.36" 64 8945
49.12.96.0 menulo.de - [03/Nov/2020:07:24:54 +0000] "GET /static/main/js/imagesloaded.pkgd.min.js HTTP/2.0" 200 5292 "https://menulo.de/" "Mozilla/5.0 (Windows NT 10.0; Win64; x64) AppleWebKit/537.36 (KHTML, like Gecko) Chrome/80.0.3987.132 Safari/537.36" 65 5409
49.12.96.0 menulo.de - [03/Nov/2020:07:24:54 +0000] "GET /static/main/js/composer.min.js HTTP/2.0" 200 17656 "https://menulo.de/" "Mozilla/5.0 (Windows NT 10.0; Win64; x64) AppleWebKit/537.36 (KHTML, like Gecko) Chrome/80.0.3987.132 Safari/537.36" 58 17833
49.12.96.0 menulo.de - [03/Nov/2020:07:24:54 +0000] "GET /static/main/js/custom.js HTTP/2.0" 200 14985 "https://menulo.de/" "Mozilla/5.0 (Windows NT 10.0; Win64; x64) AppleWebKit/537.36 (KHTML, like Gecko) Chrome/80.0.3987.132 Safari/537.36" 54 15166
49.12.96.0 menulo.de - [03/Nov/2020:07:24:54 +0000] "GET /static/main/js/jquery.fitvids.js HTTP/2.0" 200 2957 "https://menulo.de/" "Mozilla/5.0 (Windows NT 10.0; Win64; x64) AppleWebKit/537.36 (KHTML, like Gecko) Chrome/80.0.3987.132 Safari/537.36" 60 3033
49.12.96.0 menulo.de - [03/Nov/2020:07:24:54 +0000] "GET /static/main/js/imagesloaded.min.js HTTP/2.0" 200 7998 "https://menulo.de/" "Mozilla/5.0 (Windows NT 10.0; Win64; x64) AppleWebKit/537.36 (KHTML, like Gecko) Chrome/80.0.3987.132 Safari/537.36" 61 8110
49.12.96.0 menulo.de - [03/Nov/2020:07:24:54 +0000] "GET /static/main/js/masonry.min.js HTTP/2.0" 200 28988 "https://menulo.de/" "Mozilla/5.0 (Windows NT 10.0; Win64; x64) AppleWebKit/537.36 (KHTML, like Gecko) Chrome/80.0.3987.132 Safari/537.36" 58 29268
49.12.96.0 menulo.de - [03/Nov/2020:07:25:00 +0000] "GET /static/main/slider/js/extensions/revolution.extension.slideanims.min.js HTTP/2.0" 200 28129 "https://menulo.de/" "Mozilla/5.0 (Windows NT 10.0; Win64; x64) AppleWebKit/537.36 (KHTML, like Gecko) Chrome/80.0.3987.132 Safari/537.36" 510 28391
49.12.96.0 menulo.de - [03/Nov/2020:07:25:00 +0000] "GET /static/main/slider/js/extensions/revolution.extension.actions.min.js HTTP/2.0" 200 7861 "https://menulo.de/" "Mozilla/5.0 (Windows NT 10.0; Win64; x64) AppleWebKit/537.36 (KHTML, like Gecko) Chrome/80.0.3987.132 Safari/537.36" 87 7987
49.12.96.0 menulo.de - [03/Nov/2020:07:25:00 +0000] "GET /static/main/slider/js/extensions/revolution.extension.layeranimation.min.js HTTP/2.0" 200 45153 "https://menulo.de/" "Mozilla/5.0 (Windows NT 10.0; Win64; x64) AppleWebKit/537.36 (KHTML, like Gecko) Chrome/80.0.3987.132 Safari/537.36" 92 45693
49.12.96.0 menulo.de - [03/Nov/2020:07:25:00 +0000] "GET /static/main/slider/js/extensions/revolution.extension.parallax.min.js HTTP/2.0" 200 8954 "https://menulo.de/" "Mozilla/5.0 (Windows NT 10.0; Win64; x64) AppleWebKit/537.36 (KHTML, like Gecko) Chrome/80.0.3987.132 Safari/537.36" 88 9080
49.12.96.0 menulo.de - [03/Nov/2020:07:25:00 +0000] "GET /static/main/slider/js/extensions/revolution.extension.navigation.min.js HTTP/2.0" 200 25683 "https://menulo.de/" "Mozilla/5.0 (Windows NT 10.0; Win64; x64) AppleWebKit/537.36 (KHTML, like Gecko) Chrome/80.0.3987.132 Safari/537.36" 89 25905
49.12.96.0 menulo.de - [03/Nov/2020:07:25:08 +0000] "GET /media/recipies/home-slider-menulo-2.jpg HTTP/2.0" 200 38417 "https://menulo.de/" "Mozilla/5.0 (Windows NT 10.0; Win64; x64) AppleWebKit/537.36 (KHTML, like Gecko) Chrome/80.0.3987.132 Safari/537.36" 433 38914
114.119.135.0 menulo.de - [03/Nov/2020:07:28:47 +0000] "GET /produkt/wein HTTP/1.1" 404 5892 "-" "Mozilla/5.0 (Linux; Android 7.0;) AppleWebKit/537.36 (KHTML, like Gecko) Mobile Safari/537.36 (compatible; PetalBot;+https://aspiegel.com/petalbot)" 750 9282
114.119.158.0 menulo.de - [03/Nov/2020:07:33:03 +0000] "GET /shop/page/28?shop-display=list HTTP/1.1" 404 5910 "-" "Mozilla/5.0 (Linux; Android 7.0;) AppleWebKit/537.36 (KHTML, like Gecko) Mobile Safari/537.36 (compatible; PetalBot;+https://aspiegel.com/petalbot)" 768 9300
114.119.151.0 menulo.de - [03/Nov/2020:07:36:46 +0000] "GET /menucard/moet-ice-imperial HTTP/1.1" 404 5934 "-" "Mozilla/5.0 (Linux; Android 7.0;) AppleWebKit/537.36 (KHTML, like Gecko) Mobile Safari/537.36 (compatible; PetalBot;+https://aspiegel.com/petalbot)" 764 9324
114.119.140.0 menulo.de - [03/Nov/2020:07:45:18 +0000] "GET /menucard/corona-2 HTTP/1.1" 404 5907 "-" "Mozilla/5.0 (Linux; Android 7.0;) AppleWebKit/537.36 (KHTML, like Gecko) Mobile Safari/537.36 (compatible; PetalBot;+https://aspiegel.com/petalbot)" 755 9297
114.119.144.0 menulo.de - [03/Nov/2020:07:47:58 +0000] "GET /menucard/6x-baguette-scheiben HTTP/1.1" 404 5943 "-" "Mozilla/5.0 (Linux; Android 7.0;) AppleWebKit/537.36 (KHTML, like Gecko) Mobile Safari/537.36 (compatible; PetalBot;+https://aspiegel.com/petalbot)" 767 9333
132.154.145.0 menulo.de - [03/Nov/2020:07:53:16 +0000] "GET /kontakt HTTP/2.0" 200 14902 "https://menulo.de/alanys-doner/" "Mozilla/5.0 (Windows NT 10.0; Win64; x64) AppleWebKit/537.36 (KHTML, like Gecko) Chrome/86.0.4240.111 Safari/537.36" 659 15161
