[Wed Oct 28 00:01:34.616865 2020] [wsgi:error] [pid 11028:tid 139885306771200] [remote 114.119.140.186:4804] Not Found: /shop/page/27/
[Wed Oct 28 00:05:36.556601 2020] [wsgi:error] [pid 11028:tid 139885303613184] [remote 5.188.84.119:60184] Not Found: /recipes/banana-puddings-with-solt-pie-vanilla/
[Wed Oct 28 00:11:39.652823 2020] [wsgi:error] [pid 11028:tid 139885306771200] [remote 114.119.136.68:29990] Not Found: /produkt-kategorie/eiscafe-dolce-vita-milch-eis
[Wed Oct 28 00:19:54.652880 2020] [wsgi:error] [pid 11028:tid 139885303613184] [remote 66.249.75.254:39894] Not Found: /produkt/142-hefe-hell/
[Wed Oct 28 00:21:41.542310 2020] [wsgi:error] [pid 11028:tid 139885306771200] [remote 114.119.158.143:7318] Not Found: /produkt/850-acapulco-potato-vegetarisch
[Wed Oct 28 00:23:48.874069 2020] [wsgi:error] [pid 11028:tid 139885303613184] [remote 114.119.144.176:12278] Not Found: /produkt/limetten-ingwer
[Wed Oct 28 00:24:05.588277 2020] [wsgi:error] [pid 11028:tid 139885306771200] [remote 5.188.84.228:55351] Not Found: /recipes/banana-puddings-with-solt-pie-vanilla/
[Wed Oct 28 00:24:36.609518 2020] [wsgi:error] [pid 11028:tid 139885303613184] [remote 92.38.136.69:63710] Not Found: /recipes/banana-puddings-with-solt-pie-vanilla/
[Wed Oct 28 00:25:29.787568 2020] [wsgi:error] [pid 11028:tid 139885306771200] [remote 114.119.145.212:2852] Not Found: /shop/page/55
[Wed Oct 28 00:26:58.379469 2020] [wsgi:error] [pid 11028:tid 139885303613184] [remote 117.252.213.133:42413] Internal Server Error: /xmlrpc.php
[Wed Oct 28 00:26:58.379528 2020] [wsgi:error] [pid 11028:tid 139885303613184] [remote 117.252.213.133:42413] Traceback (most recent call last):
[Wed Oct 28 00:26:58.379533 2020] [wsgi:error] [pid 11028:tid 139885303613184] [remote 117.252.213.133:42413]   File "/var/www/ssd1591/priv/venv/lib/python3.7/site-packages/django/core/handlers/exception.py", line 47, in inner
[Wed Oct 28 00:26:58.379538 2020] [wsgi:error] [pid 11028:tid 139885303613184] [remote 117.252.213.133:42413]     response = get_response(request)
[Wed Oct 28 00:26:58.379541 2020] [wsgi:error] [pid 11028:tid 139885303613184] [remote 117.252.213.133:42413]   File "/var/www/ssd1591/priv/venv/lib/python3.7/site-packages/django/utils/deprecation.py", line 113, in __call__
[Wed Oct 28 00:26:58.379545 2020] [wsgi:error] [pid 11028:tid 139885303613184] [remote 117.252.213.133:42413]     response = self.process_request(request)
[Wed Oct 28 00:26:58.379549 2020] [wsgi:error] [pid 11028:tid 139885303613184] [remote 117.252.213.133:42413]   File "/var/www/ssd1591/priv/venv/lib/python3.7/site-packages/django/middleware/common.py", line 54, in process_request
[Wed Oct 28 00:26:58.379553 2020] [wsgi:error] [pid 11028:tid 139885303613184] [remote 117.252.213.133:42413]     path = self.get_full_path_with_slash(request)
[Wed Oct 28 00:26:58.379557 2020] [wsgi:error] [pid 11028:tid 139885303613184] [remote 117.252.213.133:42413]   File "/var/www/ssd1591/priv/venv/lib/python3.7/site-packages/django/middleware/common.py", line 94, in get_full_path_with_slash
[Wed Oct 28 00:26:58.379561 2020] [wsgi:error] [pid 11028:tid 139885303613184] [remote 117.252.213.133:42413]     'url': request.get_host() + new_path,
[Wed Oct 28 00:26:58.379565 2020] [wsgi:error] [pid 11028:tid 139885303613184] [remote 117.252.213.133:42413] RuntimeError: You called this URL via POST, but the URL doesn't end in a slash and you have APPEND_SLASH set. Django can't redirect to the slash URL while maintaining POST data. Change your form to point to menulo.de/xmlrpc.php/ (note the trailing slash), or set APPEND_SLASH=False in your Django settings.
[Wed Oct 28 00:28:35.007746 2020] [wsgi:error] [pid 11028:tid 139885306771200] [remote 114.119.151.165:48906] Not Found: /produkt/salami
[Wed Oct 28 00:32:44.681957 2020] [wsgi:error] [pid 11028:tid 139885303613184] [remote 195.176.3.23:54592] Not Found: /wp-content/plugins/wp-file-manager/readme.txt
[Wed Oct 28 00:37:03.201740 2020] [wsgi:error] [pid 11028:tid 139885306771200] [remote 54.36.148.133:20928] Not Found: /produkt-kategorie/ottamann-mi-08-longdrinks/
[Wed Oct 28 00:37:59.465441 2020] [wsgi:error] [pid 11028:tid 139885303613184] [remote 54.38.16.57:47272] Internal Server Error: /admin/
[Wed Oct 28 00:37:59.465552 2020] [wsgi:error] [pid 11028:tid 139885303613184] [remote 54.38.16.57:47272] Traceback (most recent call last):
[Wed Oct 28 00:37:59.465558 2020] [wsgi:error] [pid 11028:tid 139885303613184] [remote 54.38.16.57:47272]   File "/var/www/ssd1591/priv/venv/lib/python3.7/site-packages/django/core/handlers/exception.py", line 47, in inner
[Wed Oct 28 00:37:59.465563 2020] [wsgi:error] [pid 11028:tid 139885303613184] [remote 54.38.16.57:47272]     response = get_response(request)
[Wed Oct 28 00:37:59.465567 2020] [wsgi:error] [pid 11028:tid 139885303613184] [remote 54.38.16.57:47272]   File "/var/www/ssd1591/priv/venv/lib/python3.7/site-packages/django/core/handlers/base.py", line 165, in _get_response
[Wed Oct 28 00:37:59.465572 2020] [wsgi:error] [pid 11028:tid 139885303613184] [remote 54.38.16.57:47272]     callback, callback_args, callback_kwargs = self.resolve_request(request)
[Wed Oct 28 00:37:59.465576 2020] [wsgi:error] [pid 11028:tid 139885303613184] [remote 54.38.16.57:47272]   File "/var/www/ssd1591/priv/venv/lib/python3.7/site-packages/django/core/handlers/base.py", line 288, in resolve_request
[Wed Oct 28 00:37:59.465580 2020] [wsgi:error] [pid 11028:tid 139885303613184] [remote 54.38.16.57:47272]     resolver_match = resolver.resolve(request.path_info)
[Wed Oct 28 00:37:59.465584 2020] [wsgi:error] [pid 11028:tid 139885303613184] [remote 54.38.16.57:47272]   File "/var/www/ssd1591/priv/venv/lib/python3.7/site-packages/django/urls/resolvers.py", line 545, in resolve
[Wed Oct 28 00:37:59.465587 2020] [wsgi:error] [pid 11028:tid 139885303613184] [remote 54.38.16.57:47272]     for pattern in self.url_patterns:
[Wed Oct 28 00:37:59.465591 2020] [wsgi:error] [pid 11028:tid 139885303613184] [remote 54.38.16.57:47272]   File "/var/www/ssd1591/priv/venv/lib/python3.7/site-packages/django/utils/functional.py", line 48, in __get__
[Wed Oct 28 00:37:59.465595 2020] [wsgi:error] [pid 11028:tid 139885303613184] [remote 54.38.16.57:47272]     res = instance.__dict__[self.name] = self.func(instance)
[Wed Oct 28 00:37:59.465599 2020] [wsgi:error] [pid 11028:tid 139885303613184] [remote 54.38.16.57:47272]   File "/var/www/ssd1591/priv/venv/lib/python3.7/site-packages/django/urls/resolvers.py", line 589, in url_patterns
[Wed Oct 28 00:37:59.465602 2020] [wsgi:error] [pid 11028:tid 139885303613184] [remote 54.38.16.57:47272]     patterns = getattr(self.urlconf_module, "urlpatterns", self.urlconf_module)
[Wed Oct 28 00:37:59.465606 2020] [wsgi:error] [pid 11028:tid 139885303613184] [remote 54.38.16.57:47272]   File "/var/www/ssd1591/priv/venv/lib/python3.7/site-packages/django/utils/functional.py", line 48, in __get__
[Wed Oct 28 00:37:59.465610 2020] [wsgi:error] [pid 11028:tid 139885303613184] [remote 54.38.16.57:47272]     res = instance.__dict__[self.name] = self.func(instance)
[Wed Oct 28 00:37:59.465614 2020] [wsgi:error] [pid 11028:tid 139885303613184] [remote 54.38.16.57:47272]   File "/var/www/ssd1591/priv/venv/lib/python3.7/site-packages/django/urls/resolvers.py", line 582, in urlconf_module
[Wed Oct 28 00:37:59.465618 2020] [wsgi:error] [pid 11028:tid 139885303613184] [remote 54.38.16.57:47272]     return import_module(self.urlconf_name)
[Wed Oct 28 00:37:59.465622 2020] [wsgi:error] [pid 11028:tid 139885303613184] [remote 54.38.16.57:47272]   File "/usr/lib/python3.7/importlib/__init__.py", line 127, in import_module
[Wed Oct 28 00:37:59.465625 2020] [wsgi:error] [pid 11028:tid 139885303613184] [remote 54.38.16.57:47272]     return _bootstrap._gcd_import(name[level:], package, level)
[Wed Oct 28 00:37:59.465629 2020] [wsgi:error] [pid 11028:tid 139885303613184] [remote 54.38.16.57:47272]   File "<frozen importlib._bootstrap>", line 1006, in _gcd_import
[Wed Oct 28 00:37:59.465633 2020] [wsgi:error] [pid 11028:tid 139885303613184] [remote 54.38.16.57:47272]   File "<frozen importlib._bootstrap>", line 983, in _find_and_load
[Wed Oct 28 00:37:59.465636 2020] [wsgi:error] [pid 11028:tid 139885303613184] [remote 54.38.16.57:47272]   File "<frozen importlib._bootstrap>", line 967, in _find_and_load_unlocked
[Wed Oct 28 00:37:59.465648 2020] [wsgi:error] [pid 11028:tid 139885303613184] [remote 54.38.16.57:47272]   File "<frozen importlib._bootstrap>", line 677, in _load_unlocked
[Wed Oct 28 00:37:59.465652 2020] [wsgi:error] [pid 11028:tid 139885303613184] [remote 54.38.16.57:47272]   File "<frozen importlib._bootstrap_external>", line 728, in exec_module
[Wed Oct 28 00:37:59.465656 2020] [wsgi:error] [pid 11028:tid 139885303613184] [remote 54.38.16.57:47272]   File "<frozen importlib._bootstrap>", line 219, in _call_with_frames_removed
[Wed Oct 28 00:37:59.465659 2020] [wsgi:error] [pid 11028:tid 139885303613184] [remote 54.38.16.57:47272]   File "/var/www/ssd1591/priv/menulo/menulo/urls.py", line 30, in <module>
[Wed Oct 28 00:37:59.465663 2020] [wsgi:error] [pid 11028:tid 139885303613184] [remote 54.38.16.57:47272]     path('', include('main.urls')),
[Wed Oct 28 00:37:59.465667 2020] [wsgi:error] [pid 11028:tid 139885303613184] [remote 54.38.16.57:47272]   File "/var/www/ssd1591/priv/venv/lib/python3.7/site-packages/django/urls/conf.py", line 34, in include
[Wed Oct 28 00:37:59.465670 2020] [wsgi:error] [pid 11028:tid 139885303613184] [remote 54.38.16.57:47272]     urlconf_module = import_module(urlconf_module)
[Wed Oct 28 00:37:59.465674 2020] [wsgi:error] [pid 11028:tid 139885303613184] [remote 54.38.16.57:47272]   File "/usr/lib/python3.7/importlib/__init__.py", line 127, in import_module
[Wed Oct 28 00:37:59.465678 2020] [wsgi:error] [pid 11028:tid 139885303613184] [remote 54.38.16.57:47272]     return _bootstrap._gcd_import(name[level:], package, level)
[Wed Oct 28 00:37:59.465681 2020] [wsgi:error] [pid 11028:tid 139885303613184] [remote 54.38.16.57:47272]   File "<frozen importlib._bootstrap>", line 1006, in _gcd_import
[Wed Oct 28 00:37:59.465685 2020] [wsgi:error] [pid 11028:tid 139885303613184] [remote 54.38.16.57:47272]   File "<frozen importlib._bootstrap>", line 983, in _find_and_load
[Wed Oct 28 00:37:59.465689 2020] [wsgi:error] [pid 11028:tid 139885303613184] [remote 54.38.16.57:47272]   File "<frozen importlib._bootstrap>", line 967, in _find_and_load_unlocked
[Wed Oct 28 00:37:59.465692 2020] [wsgi:error] [pid 11028:tid 139885303613184] [remote 54.38.16.57:47272]   File "<frozen importlib._bootstrap>", line 677, in _load_unlocked
[Wed Oct 28 00:37:59.465696 2020] [wsgi:error] [pid 11028:tid 139885303613184] [remote 54.38.16.57:47272]   File "<frozen importlib._bootstrap_external>", line 728, in exec_module
[Wed Oct 28 00:37:59.465700 2020] [wsgi:error] [pid 11028:tid 139885303613184] [remote 54.38.16.57:47272]   File "<frozen importlib._bootstrap>", line 219, in _call_with_frames_removed
[Wed Oct 28 00:37:59.465703 2020] [wsgi:error] [pid 11028:tid 139885303613184] [remote 54.38.16.57:47272]   File "/var/www/ssd1591/priv/menulo/main/urls.py", line 3, in <module>
[Wed Oct 28 00:37:59.465707 2020] [wsgi:error] [pid 11028:tid 139885303613184] [remote 54.38.16.57:47272]     from . import views
[Wed Oct 28 00:37:59.465722 2020] [wsgi:error] [pid 11028:tid 139885303613184] [remote 54.38.16.57:47272]   File "/var/www/ssd1591/priv/menulo/main/views.py", line 5, in <module>
[Wed Oct 28 00:37:59.465727 2020] [wsgi:error] [pid 11028:tid 139885303613184] [remote 54.38.16.57:47272]     import numpy
[Wed Oct 28 00:37:59.465730 2020] [wsgi:error] [pid 11028:tid 139885303613184] [remote 54.38.16.57:47272]   File "/var/www/ssd1591/priv/venv/lib/python3.7/site-packages/numpy/__init__.py", line 151, in <module>
[Wed Oct 28 00:37:59.465734 2020] [wsgi:error] [pid 11028:tid 139885303613184] [remote 54.38.16.57:47272]     from . import random
[Wed Oct 28 00:37:59.465738 2020] [wsgi:error] [pid 11028:tid 139885303613184] [remote 54.38.16.57:47272]   File "/var/www/ssd1591/priv/venv/lib/python3.7/site-packages/numpy/random/__init__.py", line 179, in <module>
[Wed Oct 28 00:37:59.465743 2020] [wsgi:error] [pid 11028:tid 139885303613184] [remote 54.38.16.57:47272]     from . import _pickle
[Wed Oct 28 00:37:59.465754 2020] [wsgi:error] [pid 11028:tid 139885303613184] [remote 54.38.16.57:47272]   File "/var/www/ssd1591/priv/venv/lib/python3.7/site-packages/numpy/random/_pickle.py", line 1, in <module>
[Wed Oct 28 00:37:59.465760 2020] [wsgi:error] [pid 11028:tid 139885303613184] [remote 54.38.16.57:47272]     from .mtrand import RandomState
[Wed Oct 28 00:37:59.465765 2020] [wsgi:error] [pid 11028:tid 139885303613184] [remote 54.38.16.57:47272] ImportError: Interpreter change detected - this module can only be loaded into one interpreter per process.
[Wed Oct 28 00:40:48.981632 2020] [wsgi:error] [pid 11028:tid 139885306771200] [remote 54.36.148.131:47286] Not Found: /produkt-kategorie/el-cuervo-01-softdrinks/
[Wed Oct 28 00:58:33.454594 2020] [wsgi:error] [pid 11028:tid 139885303613184] [remote 66.249.75.227:42243] Not Found: /produkt/corona-cooler/
[Wed Oct 28 01:03:33.302068 2020] [wsgi:error] [pid 11028:tid 139885306771200] [remote 114.119.135.37:51116] Not Found: /shop/page/31/
[Wed Oct 28 01:05:09.419709 2020] [wsgi:error] [pid 11028:tid 139885303613184] [remote 114.119.151.165:30238] Not Found: /produkt/85-sirtaki
[Wed Oct 28 01:06:49.506972 2020] [wsgi:error] [pid 11028:tid 139885306771200] [remote 114.119.138.82:60072] Not Found: /produkt-kategorie/alanys-doener-pizzahaus-05-pizza-broetchen/
[Wed Oct 28 01:08:38.665853 2020] [wsgi:error] [pid 11028:tid 139885303613184] [remote 54.36.148.217:23176] Not Found: /produkt-kategorie/el-cuervo-01-softdrinks/
[Wed Oct 28 01:08:46.184290 2020] [wsgi:error] [pid 11028:tid 139885306771200] [remote 66.249.75.254:58160] Not Found: /produkt/ofenkartoffel/
[Wed Oct 28 01:09:27.065541 2020] [wsgi:error] [pid 11028:tid 139885303613184] [remote 54.36.149.20:28168] Not Found: /produkt-kategorie/alanys-doener-pizzahaus-01-menues/
[Wed Oct 28 01:17:51.722651 2020] [wsgi:error] [pid 11028:tid 139885306771200] [remote 114.119.140.186:46742] Not Found: /produkt-kategorie/ottamann-mi-13-baguette/
[Wed Oct 28 01:23:09.511425 2020] [wsgi:error] [pid 11028:tid 139885303613184] [remote 114.119.132.173:59732] Not Found: /produkt/ketchup
[Wed Oct 28 01:34:48.977313 2020] [wsgi:error] [pid 11028:tid 139885303613184] [remote 114.119.145.212:11096] Not Found: /menucard/06-drehspiess-teller
[Wed Oct 28 01:53:07.208060 2020] [wsgi:error] [pid 11028:tid 139885306771200] [remote 217.170.206.192:40173] Not Found: /wp-admin/admin-ajax.php
[Wed Oct 28 02:04:49.666638 2020] [wsgi:error] [pid 11028:tid 139885303613184] [remote 54.36.148.237:18870] Not Found: /produkt-kategorie/ottamann-mi-02-keo-tee/page/2/
[Wed Oct 28 02:14:01.520085 2020] [wsgi:error] [pid 11028:tid 139885306771200] [remote 114.119.136.68:28468] Not Found: /menucard/mexikano-2
[Wed Oct 28 02:16:27.050385 2020] [wsgi:error] [pid 11028:tid 139885303613184] [remote 188.163.109.153:32967] Not Found: /recipes/banana-puddings-with-solt-pie-vanilla/
[Wed Oct 28 02:19:57.654926 2020] [wsgi:error] [pid 11028:tid 139885303613184] [remote 150.109.32.114:39952] Not Found: /wp-content/uploads/2020/07/blackhat.php
[Wed Oct 28 02:20:07.009746 2020] [wsgi:error] [pid 11028:tid 139885306771200] [remote 150.109.32.114:41462] Not Found: /wp-content/uploads/2020/07/blackhat.php
[Wed Oct 28 02:23:07.318944 2020] [wsgi:error] [pid 11028:tid 139885303613184] [remote 114.119.151.165:10492] Not Found: /produkt-kategorie/el-cuervo-02-fruchtiges-von-rapps/page/2
[Wed Oct 28 02:53:16.449969 2020] [wsgi:error] [pid 11028:tid 139885303613184] [remote 114.119.140.186:42814] Not Found: /product/wasser-still
[Wed Oct 28 03:06:50.434877 2020] [wsgi:error] [pid 11028:tid 139885306771200] [remote 44.234.50.233:35238] Internal Server Error: /
[Wed Oct 28 03:06:50.434950 2020] [wsgi:error] [pid 11028:tid 139885306771200] [remote 44.234.50.233:35238] Traceback (most recent call last):
[Wed Oct 28 03:06:50.434956 2020] [wsgi:error] [pid 11028:tid 139885306771200] [remote 44.234.50.233:35238]   File "/var/www/ssd1591/priv/venv/lib/python3.7/site-packages/django/core/handlers/exception.py", line 47, in inner
[Wed Oct 28 03:06:50.434961 2020] [wsgi:error] [pid 11028:tid 139885306771200] [remote 44.234.50.233:35238]     response = get_response(request)
[Wed Oct 28 03:06:50.434982 2020] [wsgi:error] [pid 11028:tid 139885306771200] [remote 44.234.50.233:35238]   File "/var/www/ssd1591/priv/venv/lib/python3.7/site-packages/django/core/handlers/base.py", line 165, in _get_response
[Wed Oct 28 03:06:50.434986 2020] [wsgi:error] [pid 11028:tid 139885306771200] [remote 44.234.50.233:35238]     callback, callback_args, callback_kwargs = self.resolve_request(request)
[Wed Oct 28 03:06:50.434989 2020] [wsgi:error] [pid 11028:tid 139885306771200] [remote 44.234.50.233:35238]   File "/var/www/ssd1591/priv/venv/lib/python3.7/site-packages/django/core/handlers/base.py", line 288, in resolve_request
[Wed Oct 28 03:06:50.434993 2020] [wsgi:error] [pid 11028:tid 139885306771200] [remote 44.234.50.233:35238]     resolver_match = resolver.resolve(request.path_info)
[Wed Oct 28 03:06:50.434996 2020] [wsgi:error] [pid 11028:tid 139885306771200] [remote 44.234.50.233:35238]   File "/var/www/ssd1591/priv/venv/lib/python3.7/site-packages/django/urls/resolvers.py", line 545, in resolve
[Wed Oct 28 03:06:50.435000 2020] [wsgi:error] [pid 11028:tid 139885306771200] [remote 44.234.50.233:35238]     for pattern in self.url_patterns:
[Wed Oct 28 03:06:50.435003 2020] [wsgi:error] [pid 11028:tid 139885306771200] [remote 44.234.50.233:35238]   File "/var/www/ssd1591/priv/venv/lib/python3.7/site-packages/django/utils/functional.py", line 48, in __get__
[Wed Oct 28 03:06:50.435007 2020] [wsgi:error] [pid 11028:tid 139885306771200] [remote 44.234.50.233:35238]     res = instance.__dict__[self.name] = self.func(instance)
[Wed Oct 28 03:06:50.435010 2020] [wsgi:error] [pid 11028:tid 139885306771200] [remote 44.234.50.233:35238]   File "/var/www/ssd1591/priv/venv/lib/python3.7/site-packages/django/urls/resolvers.py", line 589, in url_patterns
[Wed Oct 28 03:06:50.435014 2020] [wsgi:error] [pid 11028:tid 139885306771200] [remote 44.234.50.233:35238]     patterns = getattr(self.urlconf_module, "urlpatterns", self.urlconf_module)
[Wed Oct 28 03:06:50.435017 2020] [wsgi:error] [pid 11028:tid 139885306771200] [remote 44.234.50.233:35238]   File "/var/www/ssd1591/priv/venv/lib/python3.7/site-packages/django/utils/functional.py", line 48, in __get__
[Wed Oct 28 03:06:50.435020 2020] [wsgi:error] [pid 11028:tid 139885306771200] [remote 44.234.50.233:35238]     res = instance.__dict__[self.name] = self.func(instance)
[Wed Oct 28 03:06:50.435024 2020] [wsgi:error] [pid 11028:tid 139885306771200] [remote 44.234.50.233:35238]   File "/var/www/ssd1591/priv/venv/lib/python3.7/site-packages/django/urls/resolvers.py", line 582, in urlconf_module
[Wed Oct 28 03:06:50.435028 2020] [wsgi:error] [pid 11028:tid 139885306771200] [remote 44.234.50.233:35238]     return import_module(self.urlconf_name)
[Wed Oct 28 03:06:50.435031 2020] [wsgi:error] [pid 11028:tid 139885306771200] [remote 44.234.50.233:35238]   File "/usr/lib/python3.7/importlib/__init__.py", line 127, in import_module
[Wed Oct 28 03:06:50.435035 2020] [wsgi:error] [pid 11028:tid 139885306771200] [remote 44.234.50.233:35238]     return _bootstrap._gcd_import(name[level:], package, level)
[Wed Oct 28 03:06:50.435038 2020] [wsgi:error] [pid 11028:tid 139885306771200] [remote 44.234.50.233:35238]   File "<frozen importlib._bootstrap>", line 1006, in _gcd_import
[Wed Oct 28 03:06:50.435041 2020] [wsgi:error] [pid 11028:tid 139885306771200] [remote 44.234.50.233:35238]   File "<frozen importlib._bootstrap>", line 983, in _find_and_load
[Wed Oct 28 03:06:50.435045 2020] [wsgi:error] [pid 11028:tid 139885306771200] [remote 44.234.50.233:35238]   File "<frozen importlib._bootstrap>", line 967, in _find_and_load_unlocked
[Wed Oct 28 03:06:50.435048 2020] [wsgi:error] [pid 11028:tid 139885306771200] [remote 44.234.50.233:35238]   File "<frozen importlib._bootstrap>", line 677, in _load_unlocked
[Wed Oct 28 03:06:50.435052 2020] [wsgi:error] [pid 11028:tid 139885306771200] [remote 44.234.50.233:35238]   File "<frozen importlib._bootstrap_external>", line 728, in exec_module
[Wed Oct 28 03:06:50.435055 2020] [wsgi:error] [pid 11028:tid 139885306771200] [remote 44.234.50.233:35238]   File "<frozen importlib._bootstrap>", line 219, in _call_with_frames_removed
[Wed Oct 28 03:06:50.435061 2020] [wsgi:error] [pid 11028:tid 139885306771200] [remote 44.234.50.233:35238]   File "/var/www/ssd1591/priv/menulo/menulo/urls.py", line 30, in <module>
[Wed Oct 28 03:06:50.435065 2020] [wsgi:error] [pid 11028:tid 139885306771200] [remote 44.234.50.233:35238]     path('', include('main.urls')),
[Wed Oct 28 03:06:50.435068 2020] [wsgi:error] [pid 11028:tid 139885306771200] [remote 44.234.50.233:35238]   File "/var/www/ssd1591/priv/venv/lib/python3.7/site-packages/django/urls/conf.py", line 34, in include
[Wed Oct 28 03:06:50.435072 2020] [wsgi:error] [pid 11028:tid 139885306771200] [remote 44.234.50.233:35238]     urlconf_module = import_module(urlconf_module)
[Wed Oct 28 03:06:50.435075 2020] [wsgi:error] [pid 11028:tid 139885306771200] [remote 44.234.50.233:35238]   File "/usr/lib/python3.7/importlib/__init__.py", line 127, in import_module
[Wed Oct 28 03:06:50.435078 2020] [wsgi:error] [pid 11028:tid 139885306771200] [remote 44.234.50.233:35238]     return _bootstrap._gcd_import(name[level:], package, level)
[Wed Oct 28 03:06:50.435082 2020] [wsgi:error] [pid 11028:tid 139885306771200] [remote 44.234.50.233:35238]   File "<frozen importlib._bootstrap>", line 1006, in _gcd_import
[Wed Oct 28 03:06:50.435085 2020] [wsgi:error] [pid 11028:tid 139885306771200] [remote 44.234.50.233:35238]   File "<frozen importlib._bootstrap>", line 983, in _find_and_load
[Wed Oct 28 03:06:50.435088 2020] [wsgi:error] [pid 11028:tid 139885306771200] [remote 44.234.50.233:35238]   File "<frozen importlib._bootstrap>", line 967, in _find_and_load_unlocked
[Wed Oct 28 03:06:50.435092 2020] [wsgi:error] [pid 11028:tid 139885306771200] [remote 44.234.50.233:35238]   File "<frozen importlib._bootstrap>", line 677, in _load_unlocked
[Wed Oct 28 03:06:50.435095 2020] [wsgi:error] [pid 11028:tid 139885306771200] [remote 44.234.50.233:35238]   File "<frozen importlib._bootstrap_external>", line 728, in exec_module
[Wed Oct 28 03:06:50.435098 2020] [wsgi:error] [pid 11028:tid 139885306771200] [remote 44.234.50.233:35238]   File "<frozen importlib._bootstrap>", line 219, in _call_with_frames_removed
[Wed Oct 28 03:06:50.435102 2020] [wsgi:error] [pid 11028:tid 139885306771200] [remote 44.234.50.233:35238]   File "/var/www/ssd1591/priv/menulo/main/urls.py", line 3, in <module>
[Wed Oct 28 03:06:50.435105 2020] [wsgi:error] [pid 11028:tid 139885306771200] [remote 44.234.50.233:35238]     from . import views
[Wed Oct 28 03:06:50.435108 2020] [wsgi:error] [pid 11028:tid 139885306771200] [remote 44.234.50.233:35238]   File "/var/www/ssd1591/priv/menulo/main/views.py", line 5, in <module>
[Wed Oct 28 03:06:50.435112 2020] [wsgi:error] [pid 11028:tid 139885306771200] [remote 44.234.50.233:35238]     import numpy
[Wed Oct 28 03:06:50.435115 2020] [wsgi:error] [pid 11028:tid 139885306771200] [remote 44.234.50.233:35238]   File "/var/www/ssd1591/priv/venv/lib/python3.7/site-packages/numpy/__init__.py", line 151, in <module>
[Wed Oct 28 03:06:50.435119 2020] [wsgi:error] [pid 11028:tid 139885306771200] [remote 44.234.50.233:35238]     from . import random
[Wed Oct 28 03:06:50.435122 2020] [wsgi:error] [pid 11028:tid 139885306771200] [remote 44.234.50.233:35238]   File "/var/www/ssd1591/priv/venv/lib/python3.7/site-packages/numpy/random/__init__.py", line 179, in <module>
[Wed Oct 28 03:06:50.435125 2020] [wsgi:error] [pid 11028:tid 139885306771200] [remote 44.234.50.233:35238]     from . import _pickle
[Wed Oct 28 03:06:50.435129 2020] [wsgi:error] [pid 11028:tid 139885306771200] [remote 44.234.50.233:35238]   File "/var/www/ssd1591/priv/venv/lib/python3.7/site-packages/numpy/random/_pickle.py", line 1, in <module>
[Wed Oct 28 03:06:50.435132 2020] [wsgi:error] [pid 11028:tid 139885306771200] [remote 44.234.50.233:35238]     from .mtrand import RandomState
[Wed Oct 28 03:06:50.435135 2020] [wsgi:error] [pid 11028:tid 139885306771200] [remote 44.234.50.233:35238] ImportError: Interpreter change detected - this module can only be loaded into one interpreter per process.
[Wed Oct 28 03:06:56.771665 2020] [wsgi:error] [pid 11028:tid 139885303613184] [remote 114.119.151.165:20140] Not Found: /produkt/bananennektar
[Wed Oct 28 03:07:50.655986 2020] [wsgi:error] [pid 11028:tid 139885306771200] [remote 54.36.148.233:55798] Not Found: /produkt/margherita/
[Wed Oct 28 03:12:49.132161 2020] [wsgi:error] [pid 11028:tid 139885303613184] [remote 114.119.132.173:52800] Not Found: /produkt/schmucker-pils/
[Wed Oct 28 03:23:06.488301 2020] [wsgi:error] [pid 11028:tid 139885306771200] [remote 5.188.84.115:53782] Not Found: /recipes/banana-puddings-with-solt-pie-vanilla/
[Wed Oct 28 03:27:04.665680 2020] [wsgi:error] [pid 11028:tid 139885303613184] [remote 66.249.75.227:60832] Not Found: /produkt/malu/
[Wed Oct 28 03:27:04.768501 2020] [wsgi:error] [pid 11028:tid 139885306771200] [remote 66.249.75.254:52798] Not Found: /produkt/malu/
[Wed Oct 28 03:32:55.086835 2020] [wsgi:error] [pid 11028:tid 139885303613184] [remote 66.249.75.254:59690] Not Found: /produkt/231-jack-daniels/
[Wed Oct 28 03:32:55.186843 2020] [wsgi:error] [pid 11028:tid 139885306771200] [remote 66.249.75.227:54366] Not Found: /produkt/231-jack-daniels/
[Wed Oct 28 03:35:58.403281 2020] [wsgi:error] [pid 11028:tid 139885303613184] [remote 95.65.81.152:65113] Not Found: /recipes/banana-puddings-with-solt-pie-vanilla/
[Wed Oct 28 03:47:35.113543 2020] [wsgi:error] [pid 11028:tid 139885303613184] [remote 114.119.151.165:14344] Not Found: /produkt/hendricks
[Wed Oct 28 03:49:13.165671 2020] [wsgi:error] [pid 11028:tid 139885306771200] [remote 66.249.75.254:52903] Not Found: /produkt/putensalami-baguette/
[Wed Oct 28 03:49:16.275054 2020] [wsgi:error] [pid 11028:tid 139885303613184] [remote 114.119.136.68:16804] Not Found: /menucard/84-sami-s
[Wed Oct 28 03:51:48.558652 2020] [wsgi:error] [pid 11028:tid 139885306771200] [remote 114.119.144.176:15616] Not Found: /product/wodka
[Wed Oct 28 03:53:59.177297 2020] [wsgi:error] [pid 11028:tid 139885303613184] [remote 114.119.138.82:63774] Not Found: /produkt-kategorie/el-cuervo-22-sweets-newcomer
[Wed Oct 28 04:09:18.733073 2020] [wsgi:error] [pid 11028:tid 139885306771200] [remote 207.46.13.149:16646] Not Found: /produkt/coca-cola-light-taste/
[Wed Oct 28 04:15:35.767804 2020] [wsgi:error] [pid 11028:tid 139885306771200] [remote 114.119.132.173:16992] Not Found: /produkt/erbeer-becher
[Wed Oct 28 04:30:52.903541 2020] [wsgi:error] [pid 11028:tid 139885303613184] [remote 54.36.148.47:34152] Not Found: /produkt-kategorie/ottamann-mi-08-longdrinks/
[Wed Oct 28 04:31:07.574330 2020] [wsgi:error] [pid 11028:tid 139885306771200] [remote 94.139.224.104:59492] Not Found: /recipes/banana-puddings-with-solt-pie-vanilla/
[Wed Oct 28 04:31:24.194685 2020] [wsgi:error] [pid 11028:tid 139885303613184] [remote 66.249.75.225:36117] Not Found: /produkt/130-corona-extra/
[Wed Oct 28 04:31:53.847278 2020] [wsgi:error] [pid 11028:tid 139885306771200] [remote 34.89.201.149:39946] Not Found: /cyberscan/.html
[Wed Oct 28 04:39:54.680935 2020] [wsgi:error] [pid 11028:tid 139885303613184] [remote 151.80.47.30:64476] Not Found: /wp-content/plugins/superstorefinder-wp/js/docs.js
[Wed Oct 28 04:40:07.530219 2020] [wsgi:error] [pid 11028:tid 139885306771200] [remote 151.80.47.30:56338] Not Found: /wp-content/plugins/superlogoshowcase-wp/js/docs.js
[Wed Oct 28 04:40:20.036048 2020] [wsgi:error] [pid 11028:tid 139885303613184] [remote 151.80.47.30:54764] Not Found: /wp-content/plugins/super-interactive-maps/js/docs.js
[Wed Oct 28 04:43:59.371653 2020] [wsgi:error] [pid 11028:tid 139885306771200] [remote 66.249.75.227:50798] Not Found: /produkt/055-mezzo-mix/
[Wed Oct 28 04:56:13.340186 2020] [wsgi:error] [pid 11028:tid 139885306771200] [remote 66.249.75.225:39185] Not Found: /produkt/remembar-2/
[Wed Oct 28 05:01:16.219541 2020] [wsgi:error] [pid 11028:tid 139885303613184] [remote 114.119.158.143:60950] Not Found: /produkt/187-kool-bitch
[Wed Oct 28 05:10:18.984165 2020] [wsgi:error] [pid 11028:tid 139885306771200] [remote 114.119.151.165:49550] Not Found: /shop/page/86
[Wed Oct 28 05:18:03.580029 2020] [wsgi:error] [pid 11028:tid 139885303613184] [remote 114.119.138.82:41686] Not Found: /shop/page/43/
[Wed Oct 28 05:21:19.161158 2020] [wsgi:error] [pid 11028:tid 139885306771200] [remote 114.119.136.68:30652] Not Found: /menucard/108-multivitaminnektar
[Wed Oct 28 05:23:02.242278 2020] [wsgi:error] [pid 11028:tid 139885303613184] [remote 188.122.82.146:56403] Not Found: /recipes/banana-puddings-with-solt-pie-vanilla/
[Wed Oct 28 05:48:09.636561 2020] [wsgi:error] [pid 11028:tid 139885306771200] [remote 114.119.138.82:49616] Not Found: /produkt/22-pizza-teufel
[Wed Oct 28 05:54:07.346488 2020] [wsgi:error] [pid 11028:tid 139885303613184] [remote 66.249.75.225:55277] Not Found: /produkt/190-orgasmus/
[Wed Oct 28 05:54:07.448092 2020] [wsgi:error] [pid 11028:tid 139885306771200] [remote 66.249.75.227:37772] Not Found: /produkt/190-orgasmus/
[Wed Oct 28 05:58:23.065515 2020] [wsgi:error] [pid 11028:tid 139885303613184] [remote 103.192.156.171:36558] Internal Server Error: /xmlrpc.php
[Wed Oct 28 05:58:23.065563 2020] [wsgi:error] [pid 11028:tid 139885303613184] [remote 103.192.156.171:36558] Traceback (most recent call last):
[Wed Oct 28 05:58:23.065568 2020] [wsgi:error] [pid 11028:tid 139885303613184] [remote 103.192.156.171:36558]   File "/var/www/ssd1591/priv/venv/lib/python3.7/site-packages/django/core/handlers/exception.py", line 47, in inner
[Wed Oct 28 05:58:23.065572 2020] [wsgi:error] [pid 11028:tid 139885303613184] [remote 103.192.156.171:36558]     response = get_response(request)
[Wed Oct 28 05:58:23.065576 2020] [wsgi:error] [pid 11028:tid 139885303613184] [remote 103.192.156.171:36558]   File "/var/www/ssd1591/priv/venv/lib/python3.7/site-packages/django/utils/deprecation.py", line 113, in __call__
[Wed Oct 28 05:58:23.065580 2020] [wsgi:error] [pid 11028:tid 139885303613184] [remote 103.192.156.171:36558]     response = self.process_request(request)
[Wed Oct 28 05:58:23.065584 2020] [wsgi:error] [pid 11028:tid 139885303613184] [remote 103.192.156.171:36558]   File "/var/www/ssd1591/priv/venv/lib/python3.7/site-packages/django/middleware/common.py", line 54, in process_request
[Wed Oct 28 05:58:23.065588 2020] [wsgi:error] [pid 11028:tid 139885303613184] [remote 103.192.156.171:36558]     path = self.get_full_path_with_slash(request)
[Wed Oct 28 05:58:23.065591 2020] [wsgi:error] [pid 11028:tid 139885303613184] [remote 103.192.156.171:36558]   File "/var/www/ssd1591/priv/venv/lib/python3.7/site-packages/django/middleware/common.py", line 94, in get_full_path_with_slash
[Wed Oct 28 05:58:23.065595 2020] [wsgi:error] [pid 11028:tid 139885303613184] [remote 103.192.156.171:36558]     'url': request.get_host() + new_path,
[Wed Oct 28 05:58:23.065599 2020] [wsgi:error] [pid 11028:tid 139885303613184] [remote 103.192.156.171:36558] RuntimeError: You called this URL via POST, but the URL doesn't end in a slash and you have APPEND_SLASH set. Django can't redirect to the slash URL while maintaining POST data. Change your form to point to menulo.de/xmlrpc.php/ (note the trailing slash), or set APPEND_SLASH=False in your Django settings.
[Wed Oct 28 06:12:54.398262 2020] [wsgi:error] [pid 11028:tid 139885306771200] [remote 114.119.135.37:33744] Not Found: /produkt/bbq-sobe
[Wed Oct 28 06:49:44.901356 2020] [wsgi:error] [pid 11028:tid 139885305718528] [remote 39.52.134.112:64517] mod_wsgi (pid=11028): Exception occurred processing WSGI script '/var/www/ssd1591/htdocs/menulo/app.wsgi'.
[Wed Oct 28 06:49:44.901622 2020] [wsgi:error] [pid 11028:tid 139885305718528] [remote 39.52.134.112:64517] OSError: Apache/mod_wsgi failed to write response data: Broken pipe.
[Wed Oct 28 06:49:44.902418 2020] [wsgi:error] [pid 11028:tid 139885306771200] [remote 39.52.134.112:64517] mod_wsgi (pid=11028): Exception occurred processing WSGI script '/var/www/ssd1591/htdocs/menulo/app.wsgi'.
[Wed Oct 28 06:49:44.902475 2020] [wsgi:error] [pid 11028:tid 139885306771200] [remote 39.52.134.112:64517] OSError: Apache/mod_wsgi failed to write response data: Broken pipe.
[Wed Oct 28 07:00:21.171417 2020] [wsgi:error] [pid 30482:tid 139885305718528] [remote 114.119.135.37:51258] Not Found: /produkt/6x-baguette-scheiben
[Wed Oct 28 07:00:41.944201 2020] [wsgi:error] [pid 30482:tid 139885306771200] [remote 23.228.109.146:19470] Not Found: /wp-content/themes/kiddo/style.css
[Wed Oct 28 07:09:38.980963 2020] [wsgi:error] [pid 30482:tid 139885305718528] [remote 66.249.75.254:35273] Not Found: /produkt/driver-caipi-ipanema/
[Wed Oct 28 07:09:39.072640 2020] [wsgi:error] [pid 30482:tid 139885307823872] [remote 66.249.75.227:41806] Not Found: /produkt/driver-caipi-ipanema/
[Wed Oct 28 07:11:35.103603 2020] [wsgi:error] [pid 30482:tid 139885306771200] [remote 5.188.84.228:62003] Not Found: /recipes/banana-puddings-with-solt-pie-vanilla/
[Wed Oct 28 07:12:34.027155 2020] [wsgi:error] [pid 30482:tid 139885307823872] [remote 66.249.75.225:62937] Not Found: /produkt/margherita-pizza/
[Wed Oct 28 07:12:34.133434 2020] [wsgi:error] [pid 30482:tid 139885306771200] [remote 66.249.75.227:59170] Not Found: /produkt/margherita-pizza/
[Wed Oct 28 07:14:32.690846 2020] [wsgi:error] [pid 30482:tid 139885307823872] [remote 114.119.140.115:47440] Not Found: /shop/page/38
[Wed Oct 28 07:16:37.646863 2020] [wsgi:error] [pid 30482:tid 139885306771200] [remote 114.119.151.165:34036] Not Found: /produkt/14-lahmacun-doenerflelsch
[Wed Oct 28 07:19:15.177960 2020] [wsgi:error] [pid 30482:tid 139885307823872] [remote 114.119.132.173:50466] Not Found: /product/fanta-5
[Wed Oct 28 07:43:53.935710 2020] [wsgi:error] [pid 30482:tid 139885305718528] [remote 66.249.75.227:56550] Not Found: /produkt/espresso-macchiato/
[Wed Oct 28 07:44:36.726966 2020] [wsgi:error] [pid 30482:tid 139885303613184] [remote 114.119.140.186:50664] Not Found: /produkt/lynchburg-lemonade
[Wed Oct 28 07:48:17.645119 2020] [wsgi:error] [pid 30482:tid 139885305718528] [remote 114.119.145.212:8746] Not Found: /shop/page/59/
[Wed Oct 28 07:53:15.452329 2020] [wsgi:error] [pid 30482:tid 139885303613184] [remote 169.255.190.18:47618] Internal Server Error: /xmlrpc.php
[Wed Oct 28 07:53:15.452421 2020] [wsgi:error] [pid 30482:tid 139885303613184] [remote 169.255.190.18:47618] Traceback (most recent call last):
[Wed Oct 28 07:53:15.452427 2020] [wsgi:error] [pid 30482:tid 139885303613184] [remote 169.255.190.18:47618]   File "/var/www/ssd1591/priv/venv/lib/python3.7/site-packages/django/core/handlers/exception.py", line 47, in inner
[Wed Oct 28 07:53:15.452431 2020] [wsgi:error] [pid 30482:tid 139885303613184] [remote 169.255.190.18:47618]     response = get_response(request)
[Wed Oct 28 07:53:15.452434 2020] [wsgi:error] [pid 30482:tid 139885303613184] [remote 169.255.190.18:47618]   File "/var/www/ssd1591/priv/venv/lib/python3.7/site-packages/django/utils/deprecation.py", line 113, in __call__
[Wed Oct 28 07:53:15.452438 2020] [wsgi:error] [pid 30482:tid 139885303613184] [remote 169.255.190.18:47618]     response = self.process_request(request)
[Wed Oct 28 07:53:15.452441 2020] [wsgi:error] [pid 30482:tid 139885303613184] [remote 169.255.190.18:47618]   File "/var/www/ssd1591/priv/venv/lib/python3.7/site-packages/django/middleware/common.py", line 54, in process_request
[Wed Oct 28 07:53:15.452445 2020] [wsgi:error] [pid 30482:tid 139885303613184] [remote 169.255.190.18:47618]     path = self.get_full_path_with_slash(request)
[Wed Oct 28 07:53:15.452448 2020] [wsgi:error] [pid 30482:tid 139885303613184] [remote 169.255.190.18:47618]   File "/var/www/ssd1591/priv/venv/lib/python3.7/site-packages/django/middleware/common.py", line 94, in get_full_path_with_slash
[Wed Oct 28 07:53:15.452452 2020] [wsgi:error] [pid 30482:tid 139885303613184] [remote 169.255.190.18:47618]     'url': request.get_host() + new_path,
[Wed Oct 28 07:53:15.452455 2020] [wsgi:error] [pid 30482:tid 139885303613184] [remote 169.255.190.18:47618] RuntimeError: You called this URL via POST, but the URL doesn't end in a slash and you have APPEND_SLASH set. Django can't redirect to the slash URL while maintaining POST data. Change your form to point to menulo.de/xmlrpc.php/ (note the trailing slash), or set APPEND_SLASH=False in your Django settings.
[Wed Oct 28 07:58:15.358653 2020] [wsgi:error] [pid 30482:tid 139885305718528] [remote 114.119.136.68:15106] Not Found: /produkt/hugo
[Wed Oct 28 07:59:51.375538 2020] [wsgi:error] [pid 30482:tid 139885306771200] [remote 114.119.151.165:22834] Not Found: /produkt-kategorie/el-cuervo-17-driver/page/1
[Wed Oct 28 08:00:55.576408 2020] [wsgi:error] [pid 30482:tid 139885304665856] [remote 39.52.134.112:54730] Internal Server Error: /admin/
[Wed Oct 28 08:00:55.576458 2020] [wsgi:error] [pid 30482:tid 139885304665856] [remote 39.52.134.112:54730] Traceback (most recent call last):
[Wed Oct 28 08:00:55.576463 2020] [wsgi:error] [pid 30482:tid 139885304665856] [remote 39.52.134.112:54730]   File "/var/www/ssd1591/priv/venv/lib/python3.7/site-packages/django/core/handlers/exception.py", line 47, in inner
[Wed Oct 28 08:00:55.576468 2020] [wsgi:error] [pid 30482:tid 139885304665856] [remote 39.52.134.112:54730]     response = get_response(request)
[Wed Oct 28 08:00:55.576472 2020] [wsgi:error] [pid 30482:tid 139885304665856] [remote 39.52.134.112:54730]   File "/var/www/ssd1591/priv/venv/lib/python3.7/site-packages/django/core/handlers/base.py", line 165, in _get_response
[Wed Oct 28 08:00:55.576476 2020] [wsgi:error] [pid 30482:tid 139885304665856] [remote 39.52.134.112:54730]     callback, callback_args, callback_kwargs = self.resolve_request(request)
[Wed Oct 28 08:00:55.576480 2020] [wsgi:error] [pid 30482:tid 139885304665856] [remote 39.52.134.112:54730]   File "/var/www/ssd1591/priv/venv/lib/python3.7/site-packages/django/core/handlers/base.py", line 288, in resolve_request
[Wed Oct 28 08:00:55.576485 2020] [wsgi:error] [pid 30482:tid 139885304665856] [remote 39.52.134.112:54730]     resolver_match = resolver.resolve(request.path_info)
[Wed Oct 28 08:00:55.576488 2020] [wsgi:error] [pid 30482:tid 139885304665856] [remote 39.52.134.112:54730]   File "/var/www/ssd1591/priv/venv/lib/python3.7/site-packages/django/urls/resolvers.py", line 545, in resolve
[Wed Oct 28 08:00:55.576492 2020] [wsgi:error] [pid 30482:tid 139885304665856] [remote 39.52.134.112:54730]     for pattern in self.url_patterns:
[Wed Oct 28 08:00:55.576496 2020] [wsgi:error] [pid 30482:tid 139885304665856] [remote 39.52.134.112:54730]   File "/var/www/ssd1591/priv/venv/lib/python3.7/site-packages/django/utils/functional.py", line 48, in __get__
[Wed Oct 28 08:00:55.576500 2020] [wsgi:error] [pid 30482:tid 139885304665856] [remote 39.52.134.112:54730]     res = instance.__dict__[self.name] = self.func(instance)
[Wed Oct 28 08:00:55.576504 2020] [wsgi:error] [pid 30482:tid 139885304665856] [remote 39.52.134.112:54730]   File "/var/www/ssd1591/priv/venv/lib/python3.7/site-packages/django/urls/resolvers.py", line 589, in url_patterns
[Wed Oct 28 08:00:55.576508 2020] [wsgi:error] [pid 30482:tid 139885304665856] [remote 39.52.134.112:54730]     patterns = getattr(self.urlconf_module, "urlpatterns", self.urlconf_module)
[Wed Oct 28 08:00:55.576527 2020] [wsgi:error] [pid 30482:tid 139885304665856] [remote 39.52.134.112:54730]   File "/var/www/ssd1591/priv/venv/lib/python3.7/site-packages/django/utils/functional.py", line 48, in __get__
[Wed Oct 28 08:00:55.576531 2020] [wsgi:error] [pid 30482:tid 139885304665856] [remote 39.52.134.112:54730]     res = instance.__dict__[self.name] = self.func(instance)
[Wed Oct 28 08:00:55.576534 2020] [wsgi:error] [pid 30482:tid 139885304665856] [remote 39.52.134.112:54730]   File "/var/www/ssd1591/priv/venv/lib/python3.7/site-packages/django/urls/resolvers.py", line 582, in urlconf_module
[Wed Oct 28 08:00:55.576538 2020] [wsgi:error] [pid 30482:tid 139885304665856] [remote 39.52.134.112:54730]     return import_module(self.urlconf_name)
[Wed Oct 28 08:00:55.576542 2020] [wsgi:error] [pid 30482:tid 139885304665856] [remote 39.52.134.112:54730]   File "/usr/lib/python3.7/importlib/__init__.py", line 127, in import_module
[Wed Oct 28 08:00:55.576561 2020] [wsgi:error] [pid 30482:tid 139885304665856] [remote 39.52.134.112:54730]     return _bootstrap._gcd_import(name[level:], package, level)
[Wed Oct 28 08:00:55.576589 2020] [wsgi:error] [pid 30482:tid 139885304665856] [remote 39.52.134.112:54730]   File "<frozen importlib._bootstrap>", line 1006, in _gcd_import
[Wed Oct 28 08:00:55.576593 2020] [wsgi:error] [pid 30482:tid 139885304665856] [remote 39.52.134.112:54730]   File "<frozen importlib._bootstrap>", line 983, in _find_and_load
[Wed Oct 28 08:00:55.576596 2020] [wsgi:error] [pid 30482:tid 139885304665856] [remote 39.52.134.112:54730]   File "<frozen importlib._bootstrap>", line 967, in _find_and_load_unlocked
[Wed Oct 28 08:00:55.576600 2020] [wsgi:error] [pid 30482:tid 139885304665856] [remote 39.52.134.112:54730]   File "<frozen importlib._bootstrap>", line 677, in _load_unlocked
[Wed Oct 28 08:00:55.576603 2020] [wsgi:error] [pid 30482:tid 139885304665856] [remote 39.52.134.112:54730]   File "<frozen importlib._bootstrap_external>", line 728, in exec_module
[Wed Oct 28 08:00:55.576606 2020] [wsgi:error] [pid 30482:tid 139885304665856] [remote 39.52.134.112:54730]   File "<frozen importlib._bootstrap>", line 219, in _call_with_frames_removed
[Wed Oct 28 08:00:55.576609 2020] [wsgi:error] [pid 30482:tid 139885304665856] [remote 39.52.134.112:54730]   File "/var/www/ssd1591/priv/menulo/menulo/urls.py", line 30, in <module>
[Wed Oct 28 08:00:55.576612 2020] [wsgi:error] [pid 30482:tid 139885304665856] [remote 39.52.134.112:54730]     path('', include('main.urls')),
[Wed Oct 28 08:00:55.576616 2020] [wsgi:error] [pid 30482:tid 139885304665856] [remote 39.52.134.112:54730]   File "/var/www/ssd1591/priv/venv/lib/python3.7/site-packages/django/urls/conf.py", line 34, in include
[Wed Oct 28 08:00:55.576619 2020] [wsgi:error] [pid 30482:tid 139885304665856] [remote 39.52.134.112:54730]     urlconf_module = import_module(urlconf_module)
[Wed Oct 28 08:00:55.576622 2020] [wsgi:error] [pid 30482:tid 139885304665856] [remote 39.52.134.112:54730]   File "/usr/lib/python3.7/importlib/__init__.py", line 127, in import_module
[Wed Oct 28 08:00:55.576625 2020] [wsgi:error] [pid 30482:tid 139885304665856] [remote 39.52.134.112:54730]     return _bootstrap._gcd_import(name[level:], package, level)
[Wed Oct 28 08:00:55.576628 2020] [wsgi:error] [pid 30482:tid 139885304665856] [remote 39.52.134.112:54730]   File "<frozen importlib._bootstrap>", line 1006, in _gcd_import
[Wed Oct 28 08:00:55.576632 2020] [wsgi:error] [pid 30482:tid 139885304665856] [remote 39.52.134.112:54730]   File "<frozen importlib._bootstrap>", line 983, in _find_and_load
[Wed Oct 28 08:00:55.576635 2020] [wsgi:error] [pid 30482:tid 139885304665856] [remote 39.52.134.112:54730]   File "<frozen importlib._bootstrap>", line 967, in _find_and_load_unlocked
[Wed Oct 28 08:00:55.576638 2020] [wsgi:error] [pid 30482:tid 139885304665856] [remote 39.52.134.112:54730]   File "<frozen importlib._bootstrap>", line 677, in _load_unlocked
[Wed Oct 28 08:00:55.576641 2020] [wsgi:error] [pid 30482:tid 139885304665856] [remote 39.52.134.112:54730]   File "<frozen importlib._bootstrap_external>", line 728, in exec_module
[Wed Oct 28 08:00:55.576644 2020] [wsgi:error] [pid 30482:tid 139885304665856] [remote 39.52.134.112:54730]   File "<frozen importlib._bootstrap>", line 219, in _call_with_frames_removed
[Wed Oct 28 08:00:55.576648 2020] [wsgi:error] [pid 30482:tid 139885304665856] [remote 39.52.134.112:54730]   File "/var/www/ssd1591/priv/menulo/main/urls.py", line 3, in <module>
[Wed Oct 28 08:00:55.576651 2020] [wsgi:error] [pid 30482:tid 139885304665856] [remote 39.52.134.112:54730]     from . import views
[Wed Oct 28 08:00:55.576654 2020] [wsgi:error] [pid 30482:tid 139885304665856] [remote 39.52.134.112:54730]   File "/var/www/ssd1591/priv/menulo/main/views.py", line 5, in <module>
[Wed Oct 28 08:00:55.576657 2020] [wsgi:error] [pid 30482:tid 139885304665856] [remote 39.52.134.112:54730]     import numpy
[Wed Oct 28 08:00:55.576676 2020] [wsgi:error] [pid 30482:tid 139885304665856] [remote 39.52.134.112:54730]   File "/var/www/ssd1591/priv/venv/lib/python3.7/site-packages/numpy/__init__.py", line 151, in <module>
[Wed Oct 28 08:00:55.576679 2020] [wsgi:error] [pid 30482:tid 139885304665856] [remote 39.52.134.112:54730]     from . import random
[Wed Oct 28 08:00:55.576685 2020] [wsgi:error] [pid 30482:tid 139885304665856] [remote 39.52.134.112:54730]   File "/var/www/ssd1591/priv/venv/lib/python3.7/site-packages/numpy/random/__init__.py", line 179, in <module>
[Wed Oct 28 08:00:55.576688 2020] [wsgi:error] [pid 30482:tid 139885304665856] [remote 39.52.134.112:54730]     from . import _pickle
[Wed Oct 28 08:00:55.576691 2020] [wsgi:error] [pid 30482:tid 139885304665856] [remote 39.52.134.112:54730]   File "/var/www/ssd1591/priv/venv/lib/python3.7/site-packages/numpy/random/_pickle.py", line 1, in <module>
[Wed Oct 28 08:00:55.576694 2020] [wsgi:error] [pid 30482:tid 139885304665856] [remote 39.52.134.112:54730]     from .mtrand import RandomState
[Wed Oct 28 08:00:55.576698 2020] [wsgi:error] [pid 30482:tid 139885304665856] [remote 39.52.134.112:54730] ImportError: Interpreter change detected - this module can only be loaded into one interpreter per process.
[Wed Oct 28 08:01:17.323117 2020] [wsgi:error] [pid 30482:tid 139885306771200] [remote 94.139.224.104:56888] Not Found: /recipes/banana-puddings-with-solt-pie-vanilla/
[Wed Oct 28 08:14:28.317676 2020] [wsgi:error] [pid 13844:tid 139885304665856] [remote 39.52.134.112:54879] mod_wsgi (pid=13844): Exception occurred processing WSGI script '/var/www/ssd1591/htdocs/menulo/app.wsgi'.
[Wed Oct 28 08:14:28.318129 2020] [wsgi:error] [pid 13844:tid 139885304665856] [remote 39.52.134.112:54879] OSError: Apache/mod_wsgi failed to write response data: Broken pipe.
[Wed Oct 28 08:18:23.862633 2020] [wsgi:error] [pid 13844:tid 139885304665856] [remote 39.52.134.112:54914] Not Found: /wp-includes/images/w-logo-blue-white-bg.png
[Wed Oct 28 08:18:30.576087 2020] [wsgi:error] [pid 13844:tid 139885304665856] [remote 39.52.134.112:54915] Not Found: /wp-includes/images/w-logo-blue-white-bg.png
[Wed Oct 28 08:18:42.340951 2020] [wsgi:error] [pid 13844:tid 139885304665856] [remote 39.52.134.112:54916] Not Found: /wp-includes/images/w-logo-blue-white-bg.png
[Wed Oct 28 08:19:20.949274 2020] [wsgi:error] [pid 13844:tid 139885305718528] [remote 39.52.134.112:54921] Not Found: /wp-includes/images/w-logo-blue-white-bg.png
[Wed Oct 28 08:24:35.438666 2020] [wsgi:error] [pid 16224:tid 139885307823872] [remote 39.52.134.112:54963] mod_wsgi (pid=16224): Exception occurred processing WSGI script '/var/www/ssd1591/htdocs/menulo/app.wsgi'.
[Wed Oct 28 08:24:35.438773 2020] [wsgi:error] [pid 16224:tid 139885307823872] [remote 39.52.134.112:54963] OSError: Apache/mod_wsgi failed to write response data: Broken pipe.
[Wed Oct 28 08:24:35.443565 2020] [wsgi:error] [pid 16224:tid 139885307823872] [remote 39.52.134.112:54963] mod_wsgi (pid=16224): Exception occurred processing WSGI script '/var/www/ssd1591/htdocs/menulo/app.wsgi'.
[Wed Oct 28 08:24:35.443611 2020] [wsgi:error] [pid 16224:tid 139885307823872] [remote 39.52.134.112:54963] OSError: Apache/mod_wsgi failed to write response data: Broken pipe.
[Wed Oct 28 08:24:35.451450 2020] [wsgi:error] [pid 16224:tid 139885307823872] [remote 39.52.134.112:54963] mod_wsgi (pid=16224): Exception occurred processing WSGI script '/var/www/ssd1591/htdocs/menulo/app.wsgi'.
[Wed Oct 28 08:24:35.451501 2020] [wsgi:error] [pid 16224:tid 139885307823872] [remote 39.52.134.112:54963] OSError: Apache/mod_wsgi failed to write response data: Broken pipe.
[Wed Oct 28 08:24:35.453920 2020] [wsgi:error] [pid 16224:tid 139885307823872] [remote 39.52.134.112:54963] mod_wsgi (pid=16224): Exception occurred processing WSGI script '/var/www/ssd1591/htdocs/menulo/app.wsgi'.
[Wed Oct 28 08:24:35.453970 2020] [wsgi:error] [pid 16224:tid 139885307823872] [remote 39.52.134.112:54963] OSError: Apache/mod_wsgi failed to write response data: Broken pipe.
[Wed Oct 28 08:35:17.957071 2020] [wsgi:error] [pid 16224:tid 139885306771200] [remote 39.52.134.112:55024] Not Found: /wp-includes/images/w-logo-blue-white-bg.png
[Wed Oct 28 08:44:41.887348 2020] [wsgi:error] [pid 21039:tid 139885306771200] [remote 39.52.134.112:55078] Not Found: /wp-includes/images/w-logo-blue-white-bg.png
[Wed Oct 28 08:46:03.718734 2020] [wsgi:error] [pid 21039:tid 139885303613184] [remote 66.249.75.227:52247] Not Found: /produkt/091-hot-blood/
[Wed Oct 28 08:46:03.810614 2020] [wsgi:error] [pid 21039:tid 139885305718528] [remote 66.249.75.227:53158] Not Found: /produkt/091-hot-blood/
[Wed Oct 28 08:50:01.808749 2020] [wsgi:error] [pid 21039:tid 139885305718528] [remote 39.52.134.112:55108] Not Found: /wp-includes/images/w-logo-blue-white-bg.png
[Wed Oct 28 08:50:16.763633 2020] [wsgi:error] [pid 21039:tid 139885304665856] [remote 2a00:20:8005:d00:8f9:d151:d55d:f6c8:55476] Not Found: /wp-content/themes/menulo/style.css
